<testsuite name="Testem Tests" tests="696" skipped="55" todo="0" failures="64" timestamp="Sun Jan 11 2026 06:37:28 GMT+0000 (Coordinated Universal Time)" time="134.423"><testcase classname="Chrome 143.0" name="ember-qunit: Ember.onerror validation: Ember.onerror is functioning properly" time="0.033"/><testcase classname="Chrome 143.0" name="ember-qunit: Ember.onerror validation: Ember.onerror is functioning properly" time="0.088"/><testcase classname="Chrome 143.0" name="ember-qunit: Ember.onerror validation: Ember.onerror is functioning properly" time="0.017"/><testcase classname="Chrome 143.0" name="ember-qunit: Ember.onerror validation: Ember.onerror is functioning properly" time="0.011"/><testcase classname="Chrome 143.0" name="ember-qunit: Ember.onerror validation: Ember.onerror is functioning properly" time="0.043"/><testcase classname="Chrome 143.0" name="ember-qunit: Ember.onerror validation: Ember.onerror is functioning properly" time="0.079"/><testcase classname="Chrome 143.0" name="ember-qunit: Ember.onerror validation: Ember.onerror is functioning properly" time="0.042"/><testcase classname="Chrome 143.0" name="ember-qunit: Ember.onerror validation: Ember.onerror is functioning properly" time="0.069"/><testcase classname="Chrome 143.0" name="ember-qunit: Ember.onerror validation: Ember.onerror is functioning properly" time="0.043"/><testcase classname="Chrome 143.0" name="ember-qunit: Ember.onerror validation: Ember.onerror is functioning properly" time="0.033"/><testcase classname="Chrome 143.0" name="ember-qunit: Ember.onerror validation: Ember.onerror is functioning properly" time="0.058"/><testcase classname="Chrome 143.0" name="ember-qunit: Ember.onerror validation: Ember.onerror is functioning properly" time="0.060"/><testcase classname="Chrome 143.0" name="ember-qunit: Ember.onerror validation: Ember.onerror is functioning properly" time="0.005"/><testcase classname="Chrome 143.0" name="ember-qunit: Ember.onerror validation: Ember.onerror is functioning properly" time="0.019"/><testcase classname="Chrome 143.0" name="ember-qunit: Ember.onerror validation: Ember.onerror is functioning properly" time="0.023"/><testcase classname="Chrome 143.0" name="ember-qunit: Ember.onerror validation: Ember.onerror is functioning properly" time="0.015"/><testcase classname="Chrome 143.0" name="Acceptance | affiliate-link-page | view-affiliate-link: can view affiliate link when not logged in" time="3.822"/><testcase classname="Chrome 143.0" name="Acceptance | affiliate-course-link-page | accept-offer: accepting offer when not logged in redirects to login" time="5.013"/><testcase classname="Chrome 143.0" name="Acceptance | concept-groups-test: displays concept-group page when visiting a valid concept-group" time="3.431"/><testcase classname="Chrome 143.0" name="Acceptance | concept-admin | view-basic-details: can view basic details" time="3.679"/><testcase classname="Chrome 143.0" name="Acceptance | affiliate-link-page | accept-referral-offer: accepting referral offer when not logged in redirects to login" time="4.384"/><testcase classname="Chrome 143.0" name="Acceptance | concept-admin | edit-questions: can add question" time="3.721"/><testcase classname="Chrome 143.0" name="Acceptance | affiliate-page | join-affiliate-program: can view join page when affiliate link is not present" time="4.045"/><testcase classname="Chrome 143.0" name="Acceptance | concept-admin | view-questions: can view basic details" time="4.356"/><testcase classname="Chrome 143.0" name="Acceptance | concept-admin | delete-concept-test: staff can delete any concept" time="4.505"/><testcase classname="Chrome 143.0" name="Acceptance | affiliate-page | view-payouts: can initiate payout" time="4.998"/><testcase classname="Chrome 143.0" name="Acceptance | concept-admin | edit-basic-details: editing the slug updates the url of other tab links" time="5.125"/><testcase classname="Chrome 143.0" name="Acceptance | affiliate-course-link-page | view: can view affiliate link when not logged in" time="6.226"/><testcase classname="Chrome 143.0" name="Acceptance | buy-gift-page | purchase: user can purchase a gift" time="5.507"/><testcase classname="Chrome 143.0" name="Acceptance | affiliate-page | initiate-payout: can initiate payout" time="5.840"/><testcase classname="Chrome 143.0" name="Acceptance | concept-admin | edit-questions: can edit query &amp; slug" time="2.007"/><testcase classname="Chrome 143.0" name="Acceptance | affiliate-page | view-affiliate-referrals: partner dashboard link is visible to affiliates only" time="6.077"/><testcase classname="Chrome 143.0" name="Acceptance | concept-admin | view-basic-details: draft label is present in concept admin page for draft concepts" time="2.247"/><testcase classname="Chrome 143.0" name="Acceptance | concept-admin | edit-blocks: can add/edit/delete markdown blocks" time="6.187"/><testcase classname="Chrome 143.0" name="Acceptance | concepts-test: can create concept" time="1.833"/><testcase classname="Chrome 143.0" name="Acceptance | concept-admin | delete-concept-test: concept authors can delete their own concepts" time="2.333"/><testcase classname="Chrome 143.0" name="Acceptance | affiliate-link-page | view-affiliate-link: can view affiliate link when logged in" time="3.413"/><testcase classname="Chrome 143.0" name="Acceptance | affiliate-page | join-affiliate-program: can join affiliate program" time="3.278"/><testcase classname="Chrome 143.0" name="Acceptance | concept-admin | view-basic-details: draft label is not present in concept admin page for published concepts" time="1.158"/><testcase classname="Chrome 143.0" name="Acceptance | concept-admin | edit-basic-details: pasting a link automatically converts the link to markdown format" time="2.511"/><testcase classname="Chrome 143.0" name="Acceptance | contests-test: can view active contest" time="2.677"/><testcase classname="Chrome 143.0" name="Acceptance | concept-groups-test: redirects to / when visiting a non-existing concept-group" time="4.092"/><testcase classname="Chrome 143.0" name="Acceptance | affiliate-link-page | accept-referral-offer: can accept referral offer" time="4.056"/><testcase classname="Chrome 143.0" name="Acceptance | buy-gift-page | purchase: user can revisit an existing payment flow with pre-populated data" time="2.606"/><testcase classname="Chrome 143.0" name="Acceptance | affiliate-page | view-affiliate-referrals: partner dashboard link redirects to correct page" time="2.374"/><testcase classname="Chrome 143.0" name="Acceptance | concept-admin | edit-questions: can add/edit/remove options" time="2.446"/><testcase classname="Chrome 143.0" name="Acceptance | affiliate-link-page | view-affiliate-link: redirects to not found if affiliate link is invalid" time="1.555"/><testcase classname="Chrome 143.0" name="Acceptance | affiliate-page | initiate-payout: can initiate payout for lower amount" time="2.850"/><testcase classname="Chrome 143.0" name="Acceptance | concept-admin | edit-blocks: can reorder markdown blocks" time="2.222"/><testcase classname="Chrome 143.0" name="Acceptance | concept-groups-test: displays the correct concept group details for the header" time="0.727"/><testcase classname="Chrome 143.0" name="Acceptance | affiliate-course-link-page | view: can view affiliate link when logged in" time="3.427"/><testcase classname="Chrome 143.0" name="Acceptance | concept-admin | delete-concept-test: concept authors cannot delete others concepts" time="1.997"/><testcase classname="Chrome 143.0" name="Acceptance | affiliate-course-link-page | accept-offer: can accept offer" time="5.723"/><testcase classname="Chrome 143.0" name="Acceptance | contests-test: it should redirect to not-found if the contest does not exist" time="1.501"/><testcase classname="Chrome 143.0" name="Acceptance | concept-groups-test: displays the correct concept cards" time="0.800"/><testcase classname="Chrome 143.0" name="Acceptance | concept-admin | edit-basic-details: concept can be published" time="2.326"/><testcase classname="Chrome 143.0" name="Acceptance | buy-gift-page | purchase: email address field is pre-populated with user primary email address" time="1.952"/><testcase classname="Chrome 143.0" name="Acceptance | affiliate-course-link-page | view: redirects to not found if affiliate link is invalid" time="1.515"/><testcase classname="Chrome 143.0" name="Acceptance | affiliate-page | view-affiliate-referrals: generate partner link button is not disabled for affiliates" time="2.088"/><testcase classname="Chrome 143.0" name="Acceptance | course-admin | code-example-insights-index: code examlpe insights index page tests" time="3.144"/><testcase classname="Chrome 143.0" name="Acceptance | course-admin | apply-update: can apply update" time="3.389"/><testcase classname="Chrome 143.0" name="Acceptance | concept-admin | edit-questions: can move options up and down" time="2.326"/><testcase classname="Chrome 143.0" name="Acceptance | concept-admin | edit-blocks: dragging block to same position does not cause changes" time="2.211"/><testcase classname="Chrome 143.0" name="Acceptance | concept-groups-test: displays no progress bar if progress percentage is 0" time="1.536"/><testcase classname="Chrome 143.0" name="Acceptance | contests-test: time remaining status pill shows correct copy" time="2.195"/><testcase classname="Chrome 143.0" name="Acceptance | course-admin | view-code-example-evaluators: lists code example evaluators" time="2.500"/><testcase classname="Chrome 143.0" name="Acceptance | concept-admin | edit-basic-details: concept can be unpublished" time="1.858"/><testcase classname="Chrome 143.0" name="Acceptance | affiliate-page | view-affiliate-referrals: generate partner link button is disabled for non affiliates" time="1.533"/><testcase classname="Chrome 143.0" name="Acceptance | affiliate-course-link-page | view: redirects to not found if course slug is invalid" time="1.692"/><testcase classname="Chrome 143.0" name="Acceptance | course-admin | tester-versions-page | deprovision-test-runners: can deprovision tester version" time="3.708"/><testcase classname="Chrome 143.0" name="Acceptance | course-admin | view-feedback: it renders when no feedback is present" time="1.961"/><testcase classname="Chrome 143.0" name="Acceptance | concepts-test: can view concepts" time="5.946"><error message="Test took longer than 5000ms; test timed out."/></testcase><testcase classname="Chrome 143.0" name="Acceptance | course-admin | apply-update: can apply update with error" time="2.411"/><testcase classname="Chrome 143.0" name="Acceptance | contests-test: time remaining status pill tooltip shows correct copy" time="1.650"/><testcase classname="Chrome 143.0" name="Acceptance | course-page | autofix: can trigger autofix when last submission failed" time="0"><skipped/></testcase><testcase classname="Chrome 143.0" name="Acceptance | course-page | autofix: renders failed autofix" time="0"><skipped/></testcase><testcase classname="Chrome 143.0" name="Acceptance | course-page | autofix: is not visible for stage 3 and beyond" time="0"><skipped/></testcase><testcase classname="Chrome 143.0" name="Acceptance | course-admin | view-submissions: it renders when no submissions are present" time="2.523"/><testcase classname="Chrome 143.0" name="Acceptance | course-admin | view-code-example-evaluator: can create trusted evaluation for existing evaluation" time="4.384"/><testcase classname="Chrome 143.0" name="Acceptance | course-admin | view-tester-version: it has the correct link for viewing releases" time="2.373"/><testcase classname="Chrome 143.0" name="Acceptance | concept-admin | edit-blocks: can add/edit question blocks" time="2.623"/><testcase classname="Chrome 143.0" name="Acceptance | affiliate-page | view-affiliate-referrals: generate partner link button does not have a tooltip for affiliates" time="1.707"/><testcase classname="Chrome 143.0" name="Acceptance | course-admin | view-tester-versions: it renders when no tester versions are present" time="1.940"/><testcase classname="Chrome 143.0" name="Acceptance | course-admin | tester-versions-page | activate: can activate tester version" time="5.475"/><testcase classname="Chrome 143.0" name="Acceptance | course-admin | view-update: it has the correct link for viewing diffs" time="2.180"/><testcase classname="Chrome 143.0" name="Acceptance | course-admin | view-updates: it renders when no updates are present" time="1.954"/><testcase classname="Chrome 143.0" name="Acceptance | contests-test: header navigation buttons work" time="1.305"/><testcase classname="Chrome 143.0" name="Acceptance | concepts-test: visiting a non-existing concept redirects to 404" time="2.091"/><testcase classname="Chrome 143.0" name="Acceptance | course-admin | view-feedback: it renders when feedback is present" time="2.481"/><testcase classname="Chrome 143.0" name="Acceptance | course-admin | view-diffs: collapsed lines placeholders show correct number of lines and expand when clicked" time="5.123"><error message="There should be three collapsed lines placeholders"><![CDATA[Expected:
    3

Result:
    0

Source:
    at Object.<anonymous> (http://localhost:7357/assets/chunk.75403071cdaac53a11ee.js:76637:12)]]></error></testcase><testcase classname="Chrome 143.0" name="Acceptance | affiliate-page | view-affiliate-referrals: generate partner link button has a tooltip for non affiliates" time="1.565"/><testcase classname="Chrome 143.0" name="Acceptance | course-admin | view-tester-versions: it renders when tester versions are present" time="1.836"/><testcase classname="Chrome 143.0" name="Acceptance | concept-admin | edit-blocks: question blocks are sorted" time="2.248"/><testcase classname="Chrome 143.0" name="Acceptance | course-admin | view-tester-version: it properly renders buttons for activating and deprovisioning test runners" time="2.510"/><testcase classname="Chrome 143.0" name="Acceptance | course-admin | view-update: it should have a working button for syncing with github for individual update" time="2.297"/><testcase classname="Chrome 143.0" name="Acceptance | course-admin | view-code-example-evaluator: can view trusted evaluation for existing evaluation" time="3.073"/><testcase classname="Chrome 143.0" name="Acceptance | contests-test: prize details navigation buttons work" time="2.032"/><testcase classname="Chrome 143.0" name="Acceptance | course-admin | view-feedback: it does not render feedback where the status is open" time="1.515"/><testcase classname="Chrome 143.0" name="Acceptance | course-admin | view-updates: it renders when updates are present" time="2.656"/><testcase classname="Chrome 143.0" name="Acceptance | course-admin | view-submissions: it renders when submissions are present" time="3.639"/><testcase classname="Chrome 143.0" name="Acceptance | affiliate-page | view-affiliate-referrals: can view affiliate referral stats" time="1.683"/><testcase classname="Chrome 143.0" name="Acceptance | concept-admin | edit-blocks: Add new question button works" time="1.539"/><testcase classname="Chrome 143.0" name="Acceptance | course-admin | view-tester-versions: it should have a working button for syncing with github" time="1.981"/><testcase classname="Chrome 143.0" name="Acceptance | course-admin | view-update: it should properly be properly rendered as an html" time="1.831"/><testcase classname="Chrome 143.0" name="Acceptance | course-admin | view-updates: it should have a working button for syncing with github" time="1.880"/><testcase classname="Chrome 143.0" name="Acceptance | affiliate-page | view-affiliate-referrals: should show paid users by default" time="1.618"/><testcase classname="Chrome 143.0" name="Acceptance | concept-admin | edit-blocks: click to continue block is automatically added when changes are published" time="1.561"/><testcase classname="Chrome 143.0" name="Acceptance | course-admin | code-examples | pin: can pin code example" time="11.161"><error message="Test took longer than 5000ms; test timed out."/></testcase><testcase classname="Chrome 143.0" name="Acceptance | course-admin | view-tester-versions: it has the correct tester repository link" time="2.009"/><testcase classname="Chrome 143.0" name="Acceptance | affiliate-page | view-affiliate-referrals: should show unpaid users after clicking show all button" time="1.594"/><testcase classname="Chrome 143.0" name="Acceptance | course-admin | view-updates: it has the correct definition repository link" time="1.745"/><testcase classname="Chrome 143.0" name="Acceptance | course-admin | view-submissions: it renders the user proficiency level if proficiency is set" time="3.381"/><testcase classname="Chrome 143.0" name="Acceptance | course-page | attempt-course-stage: can fail course stage" time="8.112"><error message="Test took longer than 5000ms; test timed out."/></testcase><testcase classname="Chrome 143.0" name="Acceptance | concept-admin | edit-blocks: click to continue block is not added if last block is already a click to continue block" time="1.824"/><testcase classname="Chrome 143.0" name="Acceptance | course-page | close-button-navigation: close button navigates to track page when track parameter is set" time="7.893"><error message="Test took longer than 5000ms; test timed out."/></testcase><testcase classname="Chrome 143.0" name="Acceptance | concepts-test: anonymous users can view concepts linked to a concept group" time="6.938"><error message="Test took longer than 5000ms; test timed out."/></testcase><testcase classname="Chrome 143.0" name="Acceptance | course-page | code-examples | expand-collapse: can expand and collapse solutions" time="8.025"><error message="Test took longer than 5000ms; test timed out."/></testcase><testcase classname="Chrome 143.0" name="Acceptance | course-admin | view-updates: it should not be accessible if user is course author and did not author current course" time="1.998"/><testcase classname="Chrome 143.0" name="Acceptance | course-admin | view-tester-versions: it should not be accessible if user is course author and did not author current course" time="3.004"/><testcase classname="Chrome 143.0" name="Acceptance | course-admin | view-updates: it should be accessible if user is course author and authored current course" time="1.353"/><testcase classname="Chrome 143.0" name="Acceptance | course-page | code-examples | toggle-diff-source: can toggle diff source if staff" time="7.750"><error message="Test took longer than 5000ms; test timed out."/></testcase><testcase classname="Chrome 143.0" name="Acceptance | course-page | code-examples | vote: can upvote code examples" time="7.853"><error message="Test took longer than 5000ms; test timed out."/></testcase><testcase classname="Chrome 143.0" name="Acceptance | course-admin | view-submissions: it renders the user proficiency level if proficiency is not set" time="4.422"/><testcase classname="Chrome 143.0" name="Acceptance | course-page | code-examples | view: can view solutions before starting course" time="8.151"><error message="Test took longer than 5000ms; test timed out."/></testcase><testcase classname="Chrome 143.0" name="Acceptance | course-page | complete-first-stage: can complete first stage" time="5.561"><error message="Test took longer than 5000ms; test timed out."/></testcase><testcase classname="Chrome 143.0" name="Acceptance | course-admin | view-tester-versions: it should be accessible if user is course author and authored current course" time="2.399"/><testcase classname="Chrome 143.0" name="Acceptance | course-page | complete-stage-without-changes: can complete stage without changes" time="6.007"><error message="Test took longer than 5000ms; test timed out."/></testcase><testcase classname="Chrome 143.0" name="Acceptance | course-page | complete-second-stage: can complete second stage when hints &amp; solution are present" time="6.692"><error message="Test took longer than 5000ms; test timed out."/></testcase><testcase classname="Chrome 143.0" name="Acceptance | course-admin | view-submissions: it does not render the tester version if the user is not staff" time="2.502"/><testcase classname="Chrome 143.0" name="Acceptance | course-page | dark-mode: can toggle dark mode" time="2.904"/><testcase classname="Chrome 143.0" name="Acceptance | course-admin | view-tester-versions: it properly renders the provisioned test runners count" time="2.640"/><testcase classname="Chrome 143.0" name="Acceptance | course-page | close-button-navigation: close button navigates to track page when active repository has submissions" time="6.519"/><testcase classname="Chrome 143.0" name="Acceptance | concepts-test: users can interact with concepts, and the expected elements are focused" time="6.186"><error message="Test took longer than 5000ms; test timed out."/></testcase><testcase classname="Chrome 143.0" name="Acceptance | course-page | code-examples | publish-to-github: can publish to GitHub if unpublished" time="12.749"><error message="Test took longer than 5000ms; test timed out."/></testcase><testcase classname="Chrome 143.0" name="Acceptance | course-page | code-examples | export-to-github: shows view on github button for unpublished solutions" time="13.397"><error message="Test took longer than 5000ms; test timed out."/></testcase><testcase classname="Chrome 143.0" name="Acceptance | course-admin | view-tester-versions: it has the correct provisioned test runners icon tooltip when the tester version is active" time="2.238"/><testcase classname="Chrome 143.0" name="Global error: Uncaught TypeError: Cannot read properties of null (reading 'slug') at http://localhost:7357/assets/chunk.2db4bc8fbba05c26c02b.js, line 470002&#10; While executing test: Acceptance | course-page | attempt-course-stage: can pass course stage&#10;" time="0"><failure/></testcase><testcase classname="Chrome 143.0" name="Acceptance | course-page | attempt-course-stage: can pass course stage" time="10.384"><error message="Test took longer than 5000ms; test timed out."/></testcase><testcase classname="Chrome 143.0" name="Acceptance | course-page | complete-second-stage: can complete second stage when solution &amp; hints are not present" time="4.488"/><testcase classname="Chrome 143.0" name="Acceptance | course-page | delete-repository-test: can not open delete repository modal if repository is new" time="6.715"><error message="Test took longer than 5000ms; test timed out."/></testcase><testcase classname="Chrome 143.0" name="Acceptance | course-admin | view-tester-versions: it has the correct provisioned test runners icon tooltip when the tester version is not active" time="2.315"/><testcase classname="Chrome 143.0" name="Acceptance | course-admin | view-submissions: it renders the correct tester version tag name if the tester version exists" time="5.028"/><testcase classname="Chrome 143.0" name="Acceptance | course-page | close-button-navigation: close button navigates to catalog when no track context exists" time="4.576"/><testcase classname="Chrome 143.0" name="Global error: Uncaught TypeError: Failed to fetch at http://localhost:7357/assets/chunk.2db4bc8fbba05c26c02b.js, line 150136&#10; While executing test: Acceptance | course-page | code-examples | vote: can downvote code examples&#10;" time="0"><failure/></testcase><testcase classname="Chrome 143.0" name="Acceptance | course-page | extensions | disable-extensions: can disable extensions when viewing an extension stage" time="5.355"/><testcase classname="Chrome 143.0" name="Acceptance | concepts-test: anonymous users can view concepts not linked to a concept group" time="6.634"><error message="Test took longer than 5000ms; test timed out."/></testcase><testcase classname="Chrome 143.0" name="Acceptance | course-page | extensions | enable-extensions-after-completion: can enable extensions after completing base stages" time="6.226"><error message="Test took longer than 5000ms; test timed out."/></testcase><testcase classname="Chrome 143.0" name="Acceptance | course-page | complete-second-stage: cannot complete second stage if tests passed via CLI" time="3.839"/><testcase classname="Chrome 143.0" name="Acceptance | course-page | course-stage-comments: can view comments" time="13.035"><error message="Test took longer than 5000ms; test timed out."/></testcase><testcase classname="Chrome 143.0" name="Acceptance | course-admin | view-submissions: it renders unknown for the tester version tag name if the tester version does not exist" time="3.641"/><testcase classname="Chrome 143.0" name="Acceptance | course-page | course-stage-solutions: can view solution" time="13.188"><error message="Test took longer than 5000ms; test timed out."/></testcase><testcase classname="Chrome 143.0" name="Acceptance | concepts-test: concept question body has prism highlighting" time="3.104"/><testcase classname="Chrome 143.0" name="Acceptance | course-page | extensions | view-extension-stages: can view extension stages before creating repository" time="5.532"/><testcase classname="Chrome 143.0" name="Acceptance | course-page | extensions | enable-extensions: can enable extensions" time="6.105"><error message="Test took longer than 5000ms; test timed out."/></testcase><testcase classname="Chrome" name="error" time="0"><error message="Error: Browser timeout exceeded: 10s&#10;Error while executing test: Acceptance | course-page | complete-challenge-test: can complete course&#10;Stderr: &#10; [2355:2933:0111/063514.825426:ERROR:dbus/bus.cc:406] Failed to connect to the bus: Failed to connect to socket /run/dbus/system_bus_socket: No such file or directory&#10;[2355:2933:0111/063514.825674:ERROR:dbus/bus.cc:406] Failed to connect to the bus: Could not parse server address: Unknown address type (examples of valid types are &quot;tcp&quot; and on UNIX &quot;unix&quot;)&#10;[2355:2933:0111/063514.825718:ERROR:dbus/bus.cc:406] Failed to connect to the bus: Failed to connect to socket /run/dbus/system_bus_socket: No such file or directory&#10;[2355:2933:0111/063514.825750:ERROR:dbus/bus.cc:406] Failed to connect to the bus: Failed to connect to socket /run/dbus/system_bus_socket: No such file or directory&#10;[2355:2933:0111/063517.243979:ERROR:dbus/bus.cc:406] Failed to connect to the bus: Could not parse server address: Unknown address type (examples of valid types are &quot;tcp&quot; and on UNIX &quot;unix&quot;)&#10;&#10;DevTools listening on ws://127.0.0.1:45397/devtools/browser/3f7d12c2-6791-4500-a589-c84f118d7a8c&#10;[2355:2933:0111/063517.679128:ERROR:dbus/bus.cc:406] Failed to connect to the bus: Could not parse server address: Unknown address type (examples of valid types are &quot;tcp&quot; and on UNIX &quot;unix&quot;)&#10;[2355:2355:0111/063517.865348:ERROR:dbus/object_proxy.cc:573] Failed to call method: org.freedesktop.DBus.NameHasOwner: object_path= /org/freedesktop/DBus: unknown error type: &#10;[2355:2933:0111/063517.865450:ERROR:dbus/bus.cc:406] Failed to connect to the bus: Could not parse server address: Unknown address type (examples of valid types are &quot;tcp&quot; and on UNIX &quot;unix&quot;)&#10;[2355:2933:0111/063517.865473:ERROR:dbus/bus.cc:406] Failed to connect to the bus: Could not parse server address: Unknown address type (examples of valid types are &quot;tcp&quot; and on UNIX &quot;unix&quot;)&#10;[2355:2933:0111/063517.865479:ERROR:dbus/bus.cc:406] Failed to connect to the bus: Could not parse server address: Unknown address type (examples of valid types are &quot;tcp&quot; and on UNIX &quot;unix&quot;)&#10;[2355:2933:0111/063517.865482:ERROR:dbus/bus.cc:406] Failed to connect to the bus: Could not parse server address: Unknown address type (examples of valid types are &quot;tcp&quot; and on UNIX &quot;unix&quot;)&#10;[2355:2933:0111/063517.865486:ERROR:dbus/bus.cc:406] Failed to connect to the bus: Could not parse server address: Unknown address type (examples of valid types are &quot;tcp&quot; and on UNIX &quot;unix&quot;)&#10;[2355:2355:0111/063517.866182:ERROR:dbus/object_proxy.cc:573] Failed to call method: org.freedesktop.DBus.NameHasOwner: object_path= /org/freedesktop/DBus: unknown error type: &#10;[2355:2355:0111/063517.888230:ERROR:dbus/object_proxy.cc:573] Failed to call method: org.freedesktop.DBus.NameHasOwner: object_path= /org/freedesktop/DBus: unknown error type: &#10;[2355:2933:0111/063517.890404:ERROR:dbus/bus.cc:406] Failed to connect to the bus: Could not parse server address: Unknown address type (examples of valid types are &quot;tcp&quot; and on UNIX &quot;unix&quot;)&#10;[2355:2933:0111/063517.897942:ERROR:dbus/bus.cc:406] Failed to connect to the bus: Failed to connect to socket /run/dbus/system_bus_socket: No such file or directory&#10;[2355:2933:0111/063517.897987:ERROR:dbus/bus.cc:406] Failed to connect to the bus: Failed to connect to socket /run/dbus/system_bus_socket: No such file or directory&#10;[2355:2355:0111/063517.898031:ERROR:dbus/object_proxy.cc:573] Failed to call method: org.freedesktop.DBus.NameHasOwner: object_path= /org/freedesktop/DBus: unknown error type: &#10;[2355:2355:0111/063517.898044:ERROR:dbus/object_proxy.cc:573] Failed to call method: org.freedesktop.DBus.NameHasOwner: object_path= /org/freedesktop/DBus: unknown error type: &#10;[2355:2355:0111/063517.922466:ERROR:dbus/object_proxy.cc:573] Failed to call method: org.freedesktop.DBus.NameHasOwner: object_path= /org/freedesktop/DBus: unknown error type: &#10;[2355:2933:0111/063517.922512:ERROR:dbus/bus.cc:406] Failed to connect to the bus: Could not parse server address: Unknown address type (examples of valid types are &quot;tcp&quot; and on UNIX &quot;unix&quot;)&#10;[2355:2355:0111/063517.949060:ERROR:dbus/object_proxy.cc:573] Failed to call method: org.freedesktop.DBus.Properties.GetAll: object_path= /org/freedesktop/UPower/devices/DisplayDevice: unknown error type: &#10;[2355:2355:0111/063518.012262:ERROR:dbus/object_proxy.cc:573] Failed to call method: org.freedesktop.DBus.NameHasOwner: object_path= /org/freedesktop/DBus: unknown error type: &#10;[2355:2933:0111/063518.013491:ERROR:dbus/bus.cc:406] Failed to connect to the bus: Could not parse server address: Unknown address type (examples of valid types are &quot;tcp&quot; and on UNIX &quot;unix&quot;)&#10;[2355:2355:0111/063518.027989:ERROR:dbus/object_proxy.cc:573] Failed to call method: org.freedesktop.DBus.NameHasOwner: object_path= /org/freedesktop/DBus: unknown error type: &#10;[2355:2933:0111/063518.028045:ERROR:dbus/bus.cc:406] Failed to connect to the bus: Could not parse server address: Unknown address type (examples of valid types are &quot;tcp&quot; and on UNIX &quot;unix&quot;)&#10;[2355:2355:0111/063518.029481:ERROR:dbus/object_proxy.cc:573] Failed to call method: org.freedesktop.DBus.NameHasOwner: object_path= /org/freedesktop/DBus: unknown error type: &#10;&#10;"/></testcase><testcase classname="Chrome 143.0" name="Acceptance | course-page | leaderboard-progress: can complete first stage" time="6.731"><error message="Test took longer than 5000ms; test timed out."/></testcase><testcase classname="Chrome 143.0" name="Acceptance | course-page | code-examples | view: can view solutions after starting course" time="15.128"><error message="Test took longer than 5000ms; test timed out."/></testcase><testcase classname="Chrome 143.0" name="Acceptance | course-page | code-examples | export-to-github: redirects to github works when unexpired export exists" time="11.416"><error message="Test took longer than 5000ms; test timed out."/></testcase><testcase classname="Chrome 143.0" name="Acceptance | course-admin | view-submissions: it filters by username(s) if given" time="4.288"/><testcase classname="Chrome 143.0" name="Acceptance | course-page | edit-course-stage-feedback: can edit course stage feedback" time="14.827"><error message="Test took longer than 5000ms; test timed out."/></testcase><testcase classname="Chrome 143.0" name="Acceptance | course-page | delete-repository-test: can open delete repository modal" time="10.557"><error message="Test took longer than 5000ms; test timed out."/></testcase><testcase classname="Chrome 143.0" name="Global error: Uncaught TypeError: Failed to fetch at http://localhost:7357/assets/chunk.2db4bc8fbba05c26c02b.js, line 150136&#10; While executing test: Acceptance | course-page | extensions | enable-extensions-after-completion: can enable more extensions after completing an extension (regression)&#10;" time="0"><failure/></testcase><testcase classname="Chrome 143.0" name="Acceptance | course-page | extensions | view-extension-stages: can view extension stages after creating repository" time="4.819"/><testcase classname="Chrome 143.0" name="Acceptance | course-page | extensions | enable-extensions: configure extensions button is disabled before a user creates a repository" time="5.078"/><testcase classname="Chrome 143.0" name="Acceptance | concepts-test: clicking on the upcoming concept cards works properly" time="6.027"><error message="Test took longer than 5000ms; test timed out."/></testcase><testcase classname="Chrome 143.0" name="Acceptance | course-admin | view-submissions: it filters by languages(s) if given" time="3.641"/><testcase classname="Chrome 143.0" name="Acceptance | course-page | course-stage-comments: can create comment" time="8.590"><error message="Test took longer than 5000ms; test timed out."/></testcase><testcase classname="Chrome 143.0" name="Acceptance | course-page | code-examples | view: can view team-restricted solutions" time="4.728"/><testcase classname="Chrome 143.0" name="Acceptance | course-page | request-language-test: can request language" time="5.097"/><testcase classname="Chrome 143.0" name="Acceptance | course-page | complete-second-stage: passing stage 2 should show valid clickable stage 2 completion discount" time="9.717"><error message="Test took longer than 5000ms; test timed out."/></testcase><testcase classname="Chrome 143.0" name="Acceptance | course-page | publish-to-github-test: can initiate GitHub integration setup" time="8.866"><error message="Test took longer than 5000ms; test timed out."/></testcase><testcase classname="Chrome 143.0" name="Acceptance | concepts-test: tracks concepts events" time="2.484"/><testcase classname="Chrome 143.0" name="Acceptance | course-page | start-course: can auto select language coming from track page" time="1.468"/><testcase classname="Chrome 143.0" name="Acceptance | course-page | extensions | enable-extensions: configure extensions toggle is disabled before a user creates a repository" time="3.393"/><testcase classname="Chrome 143.0" name="Acceptance | course-page | code-examples | export-to-github: shows loading state when creating new export" time="7.555"><error message="Test took longer than 5000ms; test timed out."/></testcase><testcase classname="Chrome 143.0" name="Acceptance | course-page | delete-repository-test: modal has the correct submissions count copy" time="5.627"><error message="global failure: Error: Assertion occurred after test finished.&#10;&gt; Test: can open delete repository modal&#10;&gt; Message: Promise rejected during &quot;can open delete repository modal&quot;: Element not found.&#10;&#10;PageObject: 'page.repositoryDropdown.content'&#10;  Selector: '[data-test-repository-dropdown-content] [data-test-dropdown-action]:contains(&quot;Delete Repository&quot;):last'&#10;&#10;PageObject: 'page.repositoryDropdown.content.clickOnAction(&quot;Delete Repository&quot;)'&#10;  Selector: '[data-test-repository-dropdown-content] [data-test-dropdown-action]'&#10;"><![CDATA[Source:
Error: Assertion occurred after test finished.
> Test: can open delete repository modal
> Message: Promise rejected during "can open delete repository modal": Element not found.

PageObject: 'page.repositoryDropdown.content'
  Selector: '[data-test-repository-dropdown-content] [data-test-dropdown-action]:contains("Delete Repository"):last'

PageObject: 'page.repositoryDropdown.content.clickOnAction("Delete Repository")'
  Selector: '[data-test-repository-dropdown-content] [data-test-dropdown-action]'

    at Test.pushResult (http://localhost:7357/assets/chunk.75403071cdaac53a11ee.js:20048:15)
    at Test.pushFailure (http://localhost:7357/assets/chunk.75403071cdaac53a11ee.js:20082:12)
    at reject (http://localhost:7357/assets/chunk.75403071cdaac53a11ee.js:20254:21)]]></error></testcase><testcase classname="Chrome 143.0" name="Acceptance | course-page | resume-course-test: can resume course" time="6.549"/><testcase classname="Chrome 143.0" name="Acceptance | course-admin | view-submissions: it should be able to filter by language(s) through a dropdown menu" time="4.244"/><testcase classname="Chrome 143.0" name="Acceptance | course-page | request-language-test: can view requested languages" time="3.495"/><testcase classname="Chrome 143.0" name="Acceptance | course-page | code-examples | view: can view unchanged files in code examples" time="3.982"/><testcase classname="Chrome 143.0" name="Acceptance | concepts-test: tracks when share concept button is clicked" time="2.579"/><testcase classname="Chrome 143.0" name="Acceptance | course-page | extensions | enable-extensions: configure extensions button is enabled after a user creates a repository" time="3.160"/><testcase classname="Chrome 143.0" name="Acceptance | course-page | start-course: can start course" time="3.595"/><testcase classname="Chrome 143.0" name="Acceptance | course-page | share-progress: share progress button is visible after completing the second stage" time="7.326"><error message="Test took longer than 5000ms; test timed out."/></testcase><testcase classname="Chrome 143.0" name="Acceptance | concepts-test: submit button does not work when no option is selected for question card" time="1.879"/><testcase classname="Chrome 143.0" name="Acceptance | course-page | delete-repository-test: can delete repository via mouse down" time="2.652"/><testcase classname="Chrome 143.0" name="Acceptance | course-page | course-stage-comments: can upvote / downvote comments" time="6.820"><error message="Test took longer than 5000ms; test timed out."/></testcase><testcase classname="Chrome 143.0" name="Acceptance | course-page | request-language-test: can view no language found text" time="3.360"/><testcase classname="Chrome 143.0" name="Acceptance | course-page | publish-to-github-test: can view broken GitHub installation if sync was not setup" time="6.768"><error message="global failure: Error: Assertion occurred after test finished.&#10;&gt; Test: can initiate GitHub integration setup&#10;&gt; Message: Promise rejected during &quot;can initiate GitHub integration setup&quot;: Element not found.&#10;&#10;PageObject: 'page.repositoryDropdown.content'&#10;  Selector: '[data-test-repository-dropdown-content] [data-test-dropdown-action]:contains(&quot;Publish to GitHub&quot;):last'&#10;&#10;PageObject: 'page.repositoryDropdown.content.clickOnAction(&quot;Publish to GitHub&quot;)'&#10;  Selector: '[data-test-repository-dropdown-content] [data-test-dropdown-action]'&#10;"><![CDATA[Source:
Error: Assertion occurred after test finished.
> Test: can initiate GitHub integration setup
> Message: Promise rejected during "can initiate GitHub integration setup": Element not found.

PageObject: 'page.repositoryDropdown.content'
  Selector: '[data-test-repository-dropdown-content] [data-test-dropdown-action]:contains("Publish to GitHub"):last'

PageObject: 'page.repositoryDropdown.content.clickOnAction("Publish to GitHub")'
  Selector: '[data-test-repository-dropdown-content] [data-test-dropdown-action]'

    at Test.pushResult (http://localhost:7357/assets/chunk.75403071cdaac53a11ee.js:20048:15)
    at Test.pushFailure (http://localhost:7357/assets/chunk.75403071cdaac53a11ee.js:20082:12)
    at reject (http://localhost:7357/assets/chunk.75403071cdaac53a11ee.js:20254:21)]]></error></testcase><testcase classname="Chrome 143.0" name="Acceptance | concepts-test: progress is tracked" time="2.772"/><testcase classname="Chrome 143.0" name="Acceptance | course-page | delete-repository-test: can delete repository via touch start" time="3.000"/><testcase classname="Chrome 143.0" name="Acceptance | course-page | start-course: can start course with workflow tutorial" time="3.708"/><testcase classname="Chrome 143.0" name="Acceptance | course-page | code-examples | export-to-github: shows direct GitHub link when solution is published" time="6.978"><error message="Test took longer than 5000ms; test timed out."/></testcase><testcase classname="Chrome 143.0" name="Acceptance | course-page | extensions | enable-extensions: configure extensions toggle is enabled after a user creates a repository" time="4.935"/><testcase classname="Chrome 143.0" name="Acceptance | concepts-test: tracked progress is rendered properly on page visit" time="1.775"/><testcase classname="Chrome 143.0" name="Acceptance | course-page | request-language-test: does not see language prompt if requested language is now supported" time="3.543"/><testcase classname="Chrome 143.0" name="Acceptance | concepts-test: progress for completed concepts is rendered properly" time="1.013"/><testcase classname="Chrome 143.0" name="Acceptance | course-page | publish-to-github-test: can complete GitHub integration setup" time="3.986"/><testcase classname="Chrome 143.0" name="Acceptance | course-page | test-results-bar | resize: can resize test results bar using mouse" time="0"><skipped/></testcase><testcase classname="Chrome 143.0" name="Acceptance | course-page | test-results-bar | resize: can resize test results bar using touch" time="0"><skipped/></testcase><testcase classname="Chrome 143.0" name="Acceptance | course-page | code-examples | view: stage incomplete modal shows up when code examples are viewed before completing a stage" time="9.096"><error message="Test took longer than 5000ms; test timed out."/></testcase><testcase classname="Chrome 143.0" name="Acceptance | course-page | submit-course-stage-feedback: can submit course stage feedback after passing course stage" time="10.203"><error message="Test took longer than 5000ms; test timed out."/></testcase><testcase classname="Chrome 143.0" name="Acceptance | course-page | course-stage-comments: can edit comment" time="7.576"><error message="Test took longer than 5000ms; test timed out."/></testcase><testcase classname="Chrome 143.0" name="Acceptance | course-page | start-course: repository dropdown has the correct tooltip copy" time="4.921"/><testcase classname="Chrome 143.0" name="Acceptance | course-page | extensions | enable-extensions: progress pills show correct status for different extension states" time="3.910"/><testcase classname="Chrome 143.0" name="Acceptance | course-page | share-progress: share progress modal has the correct rendered content" time="8.845"><error message="Test took longer than 5000ms; test timed out."/></testcase><testcase classname="Chrome 143.0" name="Acceptance | course-page | request-language-test: sees language prompt if subset of requested languages are still unsupported" time="4.288"/><testcase classname="Chrome 143.0" name="Acceptance | concepts-test: remaining blocks left is not present if user completed concept" time="6.804"><error message="Test took longer than 5000ms; test timed out."/></testcase><testcase classname="Chrome 143.0" name="Global error: Uncaught TypeError: Cannot read properties of null (reading 'slug') at http://localhost:7357/assets/chunk.2db4bc8fbba05c26c02b.js, line 470002&#10; While executing test: Acceptance | course-page | switch-repository: can switch repository&#10;" time="0"><failure/></testcase><testcase classname="Chrome 143.0" name="Acceptance | course-page | switch-repository: can switch repository" time="9.897"><error message="Test took longer than 5000ms; test timed out."/></testcase><testcase classname="Chrome 143.0" name="Acceptance | course-page | switch-routes: moving between stages resets scroll position to the top of the page" time="9.019"><error message="Test took longer than 5000ms; test timed out."/></testcase><testcase classname="Chrome 143.0" name="Global error: Uncaught TypeError: Failed to fetch at http://localhost:7357/assets/chunk.2db4bc8fbba05c26c02b.js, line 150136&#10; While executing test: Acceptance | course-page | start-course: can start repo and abandon halfway (regression)&#10;" time="0"><failure/></testcase><testcase classname="Chrome 143.0" name="Acceptance | course-page | start-course: can start repo and abandon halfway (regression)" time="5.729"><error message="Test took longer than 5000ms; test timed out."/></testcase><testcase classname="Chrome 143.0" name="Acceptance | course-page | view-screencasts-test: redirects to login page if user is not signed in" time="0.835"/><testcase classname="Chrome 143.0" name="Acceptance | course-page | try-other-language: can try other language" time="5.904"><error message="Test took longer than 5000ms; test timed out."/></testcase><testcase classname="Chrome 143.0" name="Acceptance | concepts-test: can select an option for a question using 1/2/3/4" time="2.018"/><testcase classname="Chrome 143.0" name="Acceptance | course-page | course-stage-comments: can delete comment" time="6.600"><error message="Test took longer than 5000ms; test timed out."/></testcase><testcase classname="Chrome 143.0" name="Acceptance | course-page | view-course-stages-test: can view stages before starting course" time="6.026"/><testcase classname="Chrome 143.0" name="Acceptance | course-page | test-runner-card: suggests Git for stage 2" time="9.158"><error message="Test took longer than 5000ms; test timed out."/></testcase><testcase classname="Chrome" name="error" time="0"><error message="Error: Browser timeout exceeded: 10s&#10;Error while executing test: Acceptance | course-admin | view-submissions: it filters by stage(s) if given&#10;Stderr: &#10; [2400:2631:0111/063514.581160:ERROR:dbus/bus.cc:406] Failed to connect to the bus: Failed to connect to socket /run/dbus/system_bus_socket: No such file or directory&#10;[2400:2631:0111/063514.587200:ERROR:dbus/bus.cc:406] Failed to connect to the bus: Could not parse server address: Unknown address type (examples of valid types are &quot;tcp&quot; and on UNIX &quot;unix&quot;)&#10;[2400:2631:0111/063514.587255:ERROR:dbus/bus.cc:406] Failed to connect to the bus: Failed to connect to socket /run/dbus/system_bus_socket: No such file or directory&#10;[2400:2631:0111/063514.587278:ERROR:dbus/bus.cc:406] Failed to connect to the bus: Failed to connect to socket /run/dbus/system_bus_socket: No such file or directory&#10;[2400:2631:0111/063517.252307:ERROR:dbus/bus.cc:406] Failed to connect to the bus: Could not parse server address: Unknown address type (examples of valid types are &quot;tcp&quot; and on UNIX &quot;unix&quot;)&#10;&#10;DevTools listening on ws://127.0.0.1:33639/devtools/browser/60f1f00f-e9f9-4576-890c-533533699aa1&#10;[2400:2631:0111/063517.709505:ERROR:dbus/bus.cc:406] Failed to connect to the bus: Could not parse server address: Unknown address type (examples of valid types are &quot;tcp&quot; and on UNIX &quot;unix&quot;)&#10;[2400:2400:0111/063517.849357:ERROR:dbus/object_proxy.cc:573] Failed to call method: org.freedesktop.DBus.NameHasOwner: object_path= /org/freedesktop/DBus: unknown error type: &#10;[2400:2631:0111/063517.849414:ERROR:dbus/bus.cc:406] Failed to connect to the bus: Could not parse server address: Unknown address type (examples of valid types are &quot;tcp&quot; and on UNIX &quot;unix&quot;)&#10;[2400:2631:0111/063517.849431:ERROR:dbus/bus.cc:406] Failed to connect to the bus: Could not parse server address: Unknown address type (examples of valid types are &quot;tcp&quot; and on UNIX &quot;unix&quot;)&#10;[2400:2631:0111/063517.849452:ERROR:dbus/bus.cc:406] Failed to connect to the bus: Could not parse server address: Unknown address type (examples of valid types are &quot;tcp&quot; and on UNIX &quot;unix&quot;)&#10;[2400:2631:0111/063517.849480:ERROR:dbus/bus.cc:406] Failed to connect to the bus: Could not parse server address: Unknown address type (examples of valid types are &quot;tcp&quot; and on UNIX &quot;unix&quot;)&#10;[2400:2631:0111/063517.849498:ERROR:dbus/bus.cc:406] Failed to connect to the bus: Could not parse server address: Unknown address type (examples of valid types are &quot;tcp&quot; and on UNIX &quot;unix&quot;)&#10;[2400:2400:0111/063517.850324:ERROR:dbus/object_proxy.cc:573] Failed to call method: org.freedesktop.DBus.NameHasOwner: object_path= /org/freedesktop/DBus: unknown error type: &#10;[2400:2400:0111/063517.880458:ERROR:dbus/object_proxy.cc:573] Failed to call method: org.freedesktop.DBus.NameHasOwner: object_path= /org/freedesktop/DBus: unknown error type: &#10;[2400:2631:0111/063517.880523:ERROR:dbus/bus.cc:406] Failed to connect to the bus: Could not parse server address: Unknown address type (examples of valid types are &quot;tcp&quot; and on UNIX &quot;unix&quot;)&#10;[2400:2631:0111/063517.881690:ERROR:dbus/bus.cc:406] Failed to connect to the bus: Failed to connect to socket /run/dbus/system_bus_socket: No such file or directory&#10;[2400:2631:0111/063517.881734:ERROR:dbus/bus.cc:406] Failed to connect to the bus: Failed to connect to socket /run/dbus/system_bus_socket: No such file or directory&#10;[2400:2400:0111/063517.881755:ERROR:dbus/object_proxy.cc:573] Failed to call method: org.freedesktop.DBus.NameHasOwner: object_path= /org/freedesktop/DBus: unknown error type: &#10;[2400:2400:0111/063517.881768:ERROR:dbus/object_proxy.cc:573] Failed to call method: org.freedesktop.DBus.NameHasOwner: object_path= /org/freedesktop/DBus: unknown error type: &#10;[2400:2400:0111/063517.884281:ERROR:dbus/object_proxy.cc:573] Failed to call method: org.freedesktop.DBus.NameHasOwner: object_path= /org/freedesktop/DBus: unknown error type: &#10;[2400:2631:0111/063517.884321:ERROR:dbus/bus.cc:406] Failed to connect to the bus: Could not parse server address: Unknown address type (examples of valid types are &quot;tcp&quot; and on UNIX &quot;unix&quot;)&#10;[2400:2400:0111/063517.884374:ERROR:dbus/object_proxy.cc:573] Failed to call method: org.freedesktop.DBus.Properties.GetAll: object_path= /org/freedesktop/UPower/devices/DisplayDevice: unknown error type: &#10;[2400:2400:0111/063517.885453:ERROR:dbus/object_proxy.cc:573] Failed to call method: org.freedesktop.DBus.NameHasOwner: object_path= /org/freedesktop/DBus: unknown error type: &#10;[2400:2631:0111/063517.885498:ERROR:dbus/bus.cc:406] Failed to connect to the bus: Could not parse server address: Unknown address type (examples of valid types are &quot;tcp&quot; and on UNIX &quot;unix&quot;)&#10;[2400:2400:0111/063517.914756:ERROR:dbus/object_proxy.cc:573] Failed to call method: org.freedesktop.DBus.NameHasOwner: object_path= /org/freedesktop/DBus: unknown error type: &#10;[2400:2631:0111/063517.914814:ERROR:dbus/bus.cc:406] Failed to connect to the bus: Could not parse server address: Unknown address type (examples of valid types are &quot;tcp&quot; and on UNIX &quot;unix&quot;)&#10;[2400:2400:0111/063517.915002:ERROR:dbus/object_proxy.cc:573] Failed to call method: org.freedesktop.DBus.NameHasOwner: object_path= /org/freedesktop/DBus: unknown error type: &#10;[2400:2632:0111/063626.849772:ERROR:google_apis/gcm/engine/registration_request.cc:292] Registration response error message: DEPRECATED_ENDPOINT&#10;Created TensorFlow Lite XNNPACK delegate for CPU.&#10;&#10;"/></testcase><testcase classname="Chrome 143.0" name="Acceptance | concepts-test: can select an option for a question using a/b/c/d" time="1.308"/><testcase classname="Chrome 143.0" name="Acceptance | course-page | view-course-stages-test: stage card opens links in new tab" time="1.099"/><testcase classname="Chrome 143.0" name="Acceptance | concepts-test: can navigate using j/k and select option using enter" time="1.388"/><testcase classname="Chrome 143.0" name="Acceptance | course-page | course-stage-comments: can delete comment with replies" time="2.900"/><testcase classname="Chrome 143.0" name="Acceptance | course-page | code-examples | view: stage incomplete modal does not show up on stage two even if stage is not completed" time="10.328"><error message="Test took longer than 5000ms; test timed out."/></testcase><testcase classname="Chrome 143.0" name="Acceptance | course-page | try-other-language: can try other language from repository setup page (regression)" time="3.968"/><testcase classname="Chrome 143.0" name="Acceptance | course-page | share-progress: progress banner and share progress modal analytics events are tracked" time="9.962"><error message="Test took longer than 5000ms; test timed out."/></testcase><testcase classname="Chrome 143.0" name="Acceptance | course-page | submit-course-stage-feedback: is shown different prompts based on stage number" time="11.035"><error message="Test took longer than 5000ms; test timed out."/></testcase><testcase classname="Chrome 143.0" name="Acceptance | create-team-test: can create a new team" time="0.863"/><testcase classname="Chrome 143.0" name="Acceptance | course-page | view-screencasts-test: can view screencasts" time="5.427"/><testcase classname="Chrome 143.0" name="Acceptance | demo page | code-mirror: it works" time="0.280"/><testcase classname="Chrome 143.0" name="Acceptance | demo page | dark-mode-toggle: it works" time="0.121"/><testcase classname="Chrome 143.0" name="Acceptance | demo page | dark-mode-toggle: it shows current localStorage preference" time="0.112"/><testcase classname="Chrome 143.0" name="Acceptance | demo page: it works" time="0.818"/><testcase classname="Chrome 143.0" name="Acceptance | demo page | dark-mode-toggle: it shows current system preference" time="0.171"/><testcase classname="Chrome 143.0" name="Acceptance | demo page | dark-mode-toggle: it updates localStorage preference after clicking on mode-switching buttons" time="0.175"/><testcase classname="Chrome 143.0" name="Acceptance | demo page | file-contents-card: it works" time="0.195"/><testcase classname="Chrome 143.0" name="Acceptance | demo page | dark-mode-toggle: it adds a '.dark' class to application container when Dark mode is active" time="0.156"/><testcase classname="Chrome 143.0" name="Acceptance | course-page | test-runner-card: suggests CLI by default for stage 3" time="5.163"/><testcase classname="Chrome 143.0" name="Acceptance | demo page | file-contents-card: it allows toggling `isCollapsible` option" time="0.250"/><testcase classname="Chrome 143.0" name="Acceptance | demo page | file-contents-card: it disables 'scrollIntoViewOnCollapse' option when 'isCollapsible' is unchecked" time="0.262"/><testcase classname="Chrome 143.0" name="Acceptance | course-page | view-test-results: can view test results bar when no repository is present" time="2.705"/><testcase classname="Chrome 143.0" name="Acceptance | demo page | file-contents-card: it disables 'headerTooltipText' option when 'isCollapsible' is unchecked" time="0.198"/><testcase classname="Chrome 143.0" name="Acceptance | demo page | file-contents-card: it allows toggling 'headerTooltipText' option" time="0.262"/><testcase classname="Chrome 143.0" name="Acceptance | header-test: header should show sign-in &amp; pricing link if user is unauthenticated" time="1.003"/><testcase classname="Chrome 143.0" name="Acceptance | forum-link-test: forum link in account dropdown redirects to forum" time="1.121"/><testcase classname="Chrome 143.0" name="Acceptance | helpscout-beacon-test: beacon renders on catalog page" time="0.806"/><testcase classname="Chrome 143.0" name="Acceptance | header-test: header should show generic leaderboard link if user has feature flag enabled and leaderboard entries" time="1.291"/><testcase classname="Chrome 143.0" name="Acceptance | concepts-test: while navigating using keys, options are traversed one at a time" time="5.702"><error message="Test took longer than 5000ms; test timed out."/></testcase><testcase classname="Chrome 143.0" name="Acceptance | helpscout-beacon-test: beacon doesn't render on concepts page" time="0.727"/><testcase classname="Chrome 143.0" name="Acceptance | course-page | course-stage-comments: can reply to comments" time="5.651"/><testcase classname="Chrome 143.0" name="Acceptance | helpscout-beacon-test: beacon doesn't render on concept page" time="0.866"/><testcase classname="Chrome 143.0" name="Acceptance | institution-page | claim-offer-test: can send verification email" time="2.128"/><testcase classname="Chrome 143.0" name="Acceptance | course-page | submit-course-stage-feedback: is not prompted for course stage feedback again if closed" time="5.169"/><testcase classname="Chrome 143.0" name="Acceptance | concepts-test: can navigate using arrow keys and select option using enter" time="1.346"/><testcase classname="Chrome 143.0" name="Acceptance | header-test: header should show custom leaderboard link if user has feature flag enabled" time="1.405"/><testcase classname="Chrome 143.0" name="Acceptance | course-page | view-course-stages-test: can view previous stages after completing them" time="8.163"><error message="Test took longer than 5000ms; test timed out."/></testcase><testcase classname="Chrome 143.0" name="Acceptance | helpscout-beacon-test: beacon doesn't render on user pages" time="0.737"/><testcase classname="Chrome 143.0" name="Acceptance | institution-page | claim-offer-test: can view verification step if application is awaiting verification" time="0.912"/><testcase classname="Chrome 143.0" name="Acceptance | header-test: header should show upgrade button if user does not have an active subscription" time="1.047"/><testcase classname="Chrome 143.0" name="Acceptance | course-page | code-examples | view: stage incomplete model does not show up if stage is completed" time="7.907"><error message="Test took longer than 5000ms; test timed out."/></testcase><testcase classname="Chrome 143.0" name="Acceptance | concepts-test: navigating question options using arrow keys does not trigger scrolling" time="1.393"/><testcase classname="Chrome 143.0" name="Acceptance | institution-page | view-test: can view institution page as unauthenticated user" time="1.132"/><testcase classname="Chrome 143.0" name="Acceptance | course-page | view-course-stages-test: can navigate directly to stage even if previous stages are not completed" time="1.471"/><testcase classname="Chrome 143.0" name="Acceptance | course-page | view-test-results: can view test results bar when tests are running" time="4.826"/><testcase classname="Chrome 143.0" name="Acceptance | institution-page | view-test: can view institution page as user with active grant" time="0.560"/><testcase classname="Chrome 143.0" name="Acceptance | header-test: header should show member badge if user has an active subscription" time="1.012"/><testcase classname="Chrome 143.0" name="Acceptance | course-page | view-course-stages-test: trying to view an invalid stage number redirects to active step" time="1.021"/><testcase classname="Chrome 143.0" name="Acceptance | institution-page | claim-offer-test: can redo the flow from change email button" time="2.126"/><testcase classname="Chrome 143.0" name="Acceptance | concepts-test: navigating options wraps around the list for the current question card only" time="1.609"/><testcase classname="Chrome 143.0" name="Acceptance | leaderboard-page | view: can view as anonymous user" time="1.098"/><testcase classname="Chrome 143.0" name="Acceptance | header-test: member badge redirects to /settings/billing" time="1.256"/><testcase classname="Chrome 143.0" name="Acceptance | leaderboard-page | view: can view as authenticated user with leaderboard entry" time="1.036"/><testcase classname="Chrome 143.0" name="Acceptance | header-test: header should show campus badge if user has an institution membership grant" time="0.995"/><testcase classname="Chrome 143.0" name="Acceptance | concepts-test: only published concepts are visible to users" time="1.390"/><testcase classname="Chrome 143.0" name="Acceptance | institution-page | claim-offer-test: can redo the flow from resend email button" time="1.817"/><testcase classname="Chrome 143.0" name="Acceptance | institution-page | claim-offer-test: claim offer button click redirects to login page if user is not signed in" time="0.652"/><testcase classname="Chrome 143.0" name="Acceptance | concepts-test: draft concepts are visible to staff" time="0.727"/><testcase classname="Chrome 143.0" name="Acceptance | course-page | course-stage-comments: comment has correct user label" time="6.286"><error message="Test took longer than 5000ms; test timed out."/></testcase><testcase classname="Chrome 143.0" name="Acceptance | leaderboard-page | view: can view as authenticated user without leaderboard entry" time="1.282"/><testcase classname="Chrome 143.0" name="Acceptance | course-page | view-course-stages-test: stages should have an paid course notice if they are paid" time="2.968"/><testcase classname="Chrome 143.0" name="Acceptance | header-test: campus badge redirects to /settings/billing" time="1.405"/><testcase classname="Chrome 143.0" name="Acceptance | concepts-test: draft concepts are visible to concept author" time="0.841"/><testcase classname="Chrome 143.0" name="Acceptance | manage-gift-page | edit-message: can edit gift message" time="0.883"/><testcase classname="Chrome 143.0" name="Acceptance | course-page | code-examples | view: stage incomplete modal does not show up if tests have passed (even if stage is not marked complete)" time="5.602"/><testcase classname="Chrome 143.0" name="Acceptance | leaderboard-page | view: can switch languages" time="1.561"/><testcase classname="Chrome 143.0" name="Acceptance | course-page | view-test-results: can view test results when last submission failed" time="5.368"/><testcase classname="Chrome 143.0" name="Acceptance | manage-gift-page | view: redirects to 404 if gift is not found" time="0.188"/><testcase classname="Chrome 143.0" name="Acceptance | manage-gift-page | edit-message: can add gift message when none exists" time="0.620"/><testcase classname="Chrome 143.0" name="Acceptance | institution-page | claim-offer-test: shows email already in use step if approved application exists" time="2.340"/><testcase classname="Chrome 143.0" name="Acceptance | manage-gift-page | view: renders page if gift is found" time="0.265"/><testcase classname="Chrome 143.0" name="Acceptance | manage-gift-page | view: redirects to redeemed page if gift is redeemed" time="0.129"/><testcase classname="Chrome 143.0" name="Acceptance | concepts-test: can use Delete and Backspace keys in the feedback popup" time="1.893"/><testcase classname="Chrome 143.0" name="Acceptance | course-page | view-course-stages-test: stages should not have a paid course notice if user is a subscriber" time="2.339"/><testcase classname="Chrome 143.0" name="Acceptance | Meta tags: it has default meta image when visiting /catalog" time="1.006"/><testcase classname="Chrome 143.0" name="Acceptance | institution-page | claim-offer-test: prefills email address if it matches an institutional email address" time="0.892"/><testcase classname="Chrome 143.0" name="Acceptance | pay-test: user can view the page even if not signed in" time="0.896"/><testcase classname="Chrome 143.0" name="Acceptance | perks-page | claim-test: it is redirected to the correct claim url" time="0.498"/><testcase classname="Chrome 143.0" name="Acceptance | onboarding-survey-test: can answer questions in onboarding survey" time="1.718"/><testcase classname="Chrome 143.0" name="Acceptance | Meta tags: it has custom meta image when visiting a course page" time="1.211"/><testcase classname="Chrome 143.0" name="Acceptance | course-page | view-course-stages-test: stages should not have a paid course notice if user team has a subscription" time="1.941"/><testcase classname="Chrome 143.0" name="Acceptance | perks-page | claim-test: it is redirected to /pay if the user has no access to paid content" time="1.058"/><testcase classname="Chrome 143.0" name="Acceptance | pay-test: user can view the page through the pricing link" time="1.588"/><testcase classname="Chrome 143.0" name="Acceptance | perks-page | claim-test: it is redirected to /404 if perk slug is invalid" time="0.620"/><testcase classname="Chrome 143.0" name="Acceptance | course-page | course-stage-comments: staff can see rejected comments" time="5.329"/><testcase classname="Chrome 143.0" name="Acceptance | onboarding-survey-test: redirects to catalog if no survey is found" time="1.320"/><testcase classname="Chrome 143.0" name="Acceptance | redeem-gift-page | view: redirects to 404 if gift is not found" time="0.177"/><testcase classname="Chrome 143.0" name="Acceptance | Meta tags: it has custom meta image when visiting a track page" time="1.686"/><testcase classname="Chrome 143.0" name="Acceptance | redeem-gift-page | view: displays gift details" time="0.528"/><testcase classname="Chrome 143.0" name="Acceptance | redeem-gift-page | redeem: user cannot redeem a gift if they are not logged in" time="0.719"/><testcase classname="Chrome 143.0" name="Acceptance | pay-test: new user can start checkout session" time="0.981"/><testcase classname="Chrome 143.0" name="Acceptance | redeem-gift-page | view: redirects to redeemed page if gift is redeemed" time="0.169"/><testcase classname="Chrome 143.0" name="Acceptance | course-page | submit-course-stage-feedback: can submit course stage feedback after passing base stage" time="11.580"><error message="Test took longer than 5000ms; test timed out."/></testcase><testcase classname="Chrome 143.0" name="Acceptance | redeem-gift-page | redeem: user cannot redeem a gift if they already have a membership" time="0.450"/><testcase classname="Chrome 143.0" name="Acceptance | onboarding-survey-test: redirects to catalog if survey is already complete" time="1.068"/><testcase classname="Chrome 143.0" name="Acceptance | Meta tags: it has custom meta image when visiting a collection" time="0.692"/><testcase classname="Chrome 143.0" name="Acceptance | referral-link-page | view-referral-link: can view referral link when not logged in" time="0.555"/><testcase classname="Chrome 143.0" name="Acceptance | referral-link-page | accept-referral-offer: accepting referral offer when not logged in redirects to login" time="0.707"/><testcase classname="Chrome 143.0" name="Acceptance | course-page | view-test-results: can view test results when last submission passed" time="5.371"/><testcase classname="Chrome 143.0" name="Acceptance | pay-test: user with signup discount can start checkout session" time="1.111"/><testcase classname="Chrome 143.0" name="Acceptance | referral-link-page | view-referral-link: can view referral link when logged in" time="0.533"/><testcase classname="Chrome 143.0" name="Acceptance | redeem-gift-page | redeem: user can redeem a gift" time="0.929"/><testcase classname="Chrome 143.0" name="Acceptance | referrals-page | join-referral-program: can view join page when referral link is not present" time="0.775"/><testcase classname="Chrome 143.0" name="Acceptance | course-page | view-course-stages-test: stages should not have a paid course notice if user has active free usage grants" time="2.914"/><testcase classname="Chrome 143.0" name="Acceptance | referral-link-page | accept-referral-offer: can accept referral offer" time="0.686"/><testcase classname="Chrome 143.0" name="Acceptance | roadmap-page | course-extension-ideas: it renders for anonymous user" time="0.426"/><testcase classname="Chrome 143.0" name="Acceptance | referral-link-page | view-referral-link: redirects to not found if affiliate link is invalid" time="0.535"/><testcase classname="Chrome 143.0" name="Acceptance | referrals-page | view-referrals: referrals link is visible" time="0.714"/><testcase classname="Chrome 143.0" name="Acceptance | pay-test: user with stage2 discount can start checkout session" time="0.917"/><testcase classname="Chrome 143.0" name="Acceptance | referrals-page | join-referral-program: can join referral program" time="0.755"/><testcase classname="Chrome 143.0" name="Acceptance | roadmap-page | course-extension-ideas: it renders for logged in user" time="0.741"/><testcase classname="Chrome 143.0" name="Acceptance | course-page | code-examples | view: back to instructions button in stage incomplete modal redirects to instructions" time="7.020"/><testcase classname="Chrome 143.0" name="Acceptance | referral-link-page | view-referral-link: button should be disabled if the user is the referrer" time="0.717"/><testcase classname="Chrome 143.0" name="Acceptance | roadmap-page | course-ideas: it renders for anonymous user" time="0.595"/><testcase classname="Chrome 143.0" name="Acceptance | referral-link-page | accept-referral-offer: offer accepted notice persists if user visits the link again" time="1.252"/><testcase classname="Chrome 143.0" name="Acceptance | onboarding-survey-test: stores ?next query param and redirects to it after survey completion" time="2.397"/><testcase classname="Chrome 143.0" name="Acceptance | referrals-page | view-referrals: referrals link redirects to correct page" time="0.991"/><testcase classname="Chrome 143.0" name="Acceptance | pay-test: user with referral discount and signup discount sees referral discount" time="0.929"/><testcase classname="Chrome 143.0" name="Acceptance | settings-page | delete-account-test: can open delete account modal" time="0.375"/><testcase classname="Chrome 143.0" name="Acceptance | referral-link-page | view-referral-link: button should be disabled if the user is the referrer and has accepted a referral offer" time="0.733"/><testcase classname="Chrome 143.0" name="Acceptance | roadmap-page | course-ideas: it renders for logged in user" time="0.678"/><testcase classname="Chrome 143.0" name="Acceptance | roadmap-page | course-extension-ideas: can vote" time="0.927"/><testcase classname="Chrome 143.0" name="Acceptance | referrals-page | view-referrals: tracks correct referral stats when no referrals" time="0.654"/><testcase classname="Chrome 143.0" name="Acceptance | settings-page | billing-test: membership section shows correct plan for subscriber with active subscription" time="0.852"/><testcase classname="Chrome 143.0" name="Acceptance | course-page | view-course-stages-test: stages should have a paid course notice if user has expired free usage grants" time="2.748"/><testcase classname="Chrome 143.0" name="Acceptance | referral-link-page | view-referral-link: button should be disabled if referral is already accepted and free usage grant is expired" time="0.951"/><testcase classname="Chrome 143.0" name="Acceptance | roadmap-page | course-extension-ideas: label has the correct tooltip text" time="0.773"/><testcase classname="Chrome 143.0" name="Acceptance | roadmap-page | course-ideas: can vote" time="0.836"/><testcase classname="Chrome 143.0" name="Acceptance | settings-page | billing-test: membership section shows rollover days when subscription has rollover validity" time="0.647"/><testcase classname="Chrome 143.0" name="Acceptance | pay-test: user can create checkout session with regional discount applied" time="1.303"/><testcase classname="Chrome 143.0" name="Acceptance | referrals-page | view-referrals: tracks correct referral stats when there are referrals and free weeks" time="0.889"/><testcase classname="Chrome 143.0" name="Acceptance | referral-link-page | view-referral-link: button should be disabled if referral already has paid access" time="0.453"/><testcase classname="Chrome 143.0" name="Acceptance | roadmap-page | course-ideas: label has the correct tooltip text" time="0.596"/><testcase classname="Chrome 143.0" name="Acceptance | roadmap-page | course-extension-ideas: it is sorted algorithmically for logged in user" time="0.642"/><testcase classname="Chrome 143.0" name="Acceptance | settings-page | delete-account-test: can delete account" time="1.690"/><testcase classname="Chrome 143.0" name="Acceptance | referrals-page | view-referrals: tracks correct referral stats when there are referrals and expired free weeks" time="0.624"/><testcase classname="Chrome 143.0" name="Acceptance | settings-page | billing-test: membership section shows correct plan for subscriber with institution membership" time="0.760"/><testcase classname="Chrome 143.0" name="Acceptance | pay-test: user can create checkout session when extra invoice details is not requested" time="0.818"/><testcase classname="Chrome 143.0" name="Acceptance | settings-page | extend-membership-test: can extend membership" time="0.641"/><testcase classname="Chrome 143.0" name="Acceptance | roadmap-page | course-ideas: it is sorted algorithmically for logged in user" time="0.707"/><testcase classname="Chrome 143.0" name="Acceptance | roadmap-page | course-extension-ideas: it is sorted by votes count for anonymous user" time="0.699"/><testcase classname="Chrome 143.0" name="Acceptance | settings-page | billing-test: membership section shows correct plan for subscriber with VIP access" time="0.611"/><testcase classname="Chrome 143.0" name="Acceptance | referrals-page | view-referrals: referrals info icon has the correct tooltip" time="0.723"/><testcase classname="Chrome 143.0" name="Acceptance | settings-page | delete-account-test: renders failure message if delete fails" time="1.097"/><testcase classname="Chrome 143.0" name="Acceptance | pay-test: user can create checkout session when extra invoice details is requested" time="0.914"/><testcase classname="Chrome 143.0" name="Acceptance | course-page | view-course-stages-test: first time visit has loading page" time="2.039"/><testcase classname="Chrome 143.0" name="Acceptance | roadmap-page | course-ideas: it is sorted by votes count for anonymous user" time="0.741"/><testcase classname="Chrome 143.0" name="Acceptance | settings-page | billing-test: membership section shows correct plan for non-subscriber" time="0.653"/><testcase classname="Chrome 143.0" name="Acceptance | roadmap-page | course-extension-ideas: challenge dropdown functionality" time="0.855"/><testcase classname="Chrome 143.0" name="Acceptance | settings-page | extend-membership-test: renewal section is not displayed when membership has expired" time="1.100"/><testcase classname="Chrome 143.0" name="Acceptance | referrals-page | view-referrals: free weeks left info icon has the correct tooltip" time="0.849"/><testcase classname="Chrome 143.0" name="Acceptance | settings-page | billing-test: membership section shows VIP access for user with VIP access" time="0.560"/><testcase classname="Chrome 143.0" name="Acceptance | settings-page | extend-membership-test: renewal section is not displayed when membership is a lifetime membership" time="0.706"/><testcase classname="Chrome 143.0" name="Acceptance | roadmap-page | course-ideas: latest releases component renders correctly" time="0.841"/><testcase classname="Chrome 143.0" name="Acceptance | referrals-page | view-referrals: should show referred users" time="0.762"/><testcase classname="Chrome 143.0" name="Acceptance | roadmap-page | course-extension-ideas: latest releases component is present" time="1.037"/><testcase classname="Chrome 143.0" name="Acceptance | settings-page | billing-test: support section is visible" time="0.763"/><testcase classname="Chrome 143.0" name="Acceptance | pay-test: user can logout from pay page (regression)" time="1.682"/><testcase classname="Chrome 143.0" name="Acceptance | team-page | manage-team-billing-test: team with active pilot sees pilot details" time="0.851"/><testcase classname="Chrome 143.0" name="Acceptance | referrals-page | view-referrals: header should have a badge that shows the remaining time in days" time="0.822"/><testcase classname="Chrome 143.0" name="Acceptance | pay-test: user should be redirected to /settings/billing if user is authenticated and has an active subscription" time="0.589"/><testcase classname="Chrome 143.0" name="Acceptance | settings-page | billing-test: payment history section shows empty state initially" time="0.759"/><testcase classname="Chrome 143.0" name="Acceptance | submit-site-feedback: can submit site feedback if user is authenticated" time="1.329"/><testcase classname="Chrome 143.0" name="Acceptance | team-page | manage-team-members-test: team admin can view team members &amp; invite link when they are the only member" time="1.117"/><testcase classname="Chrome 143.0" name="Acceptance | settings-page | profile-test: can edit profile description" time="2.990"/><testcase classname="Chrome 143.0" name="Acceptance | pay-test: navigating to /pay?plans=true opens the membership plan modal" time="0.698"/><testcase classname="Chrome 143.0" name="Acceptance | referrals-page | view-referrals: header should have a badge that shows the remaining time in days when expiry is a couple month away" time="0.924"/><testcase classname="Chrome 143.0" name="Acceptance | team-page | manage-team-billing-test: team with expired pilot sees payment method prompt" time="1.116"/><testcase classname="Chrome 143.0" name="Acceptance | course-page | code-examples | view: show code button in stage incomplete modal shows code examples" time="6.679"/><testcase classname="Chrome 143.0" name="Acceptance | settings-page | billing-test: payment history section shows charges after creation" time="1.018"/><testcase classname="Chrome 143.0" name="Acceptance | submit-site-feedback: can submit site feedback if user is not authenticated" time="1.047"/><testcase classname="Chrome 143.0" name="Acceptance | team-page | manage-team-members-test: team admin can view team members when multiple members exist" time="1.178"/><testcase classname="Chrome 143.0" name="Acceptance | pay-test: clicking &quot;View plans&quot; button adds plans query param and opens modal" time="0.941"/><testcase classname="Chrome 143.0" name="Acceptance | settings-page | billing-test: payment history section shows refunded charges correctly" time="0.729"/><testcase classname="Chrome 143.0" name="Acceptance | settings-page | profile-test: can enable anonymous mode" time="1.342"/><testcase classname="Chrome 143.0" name="Acceptance | team-page | manage-team-billing-test: team with expired pilot and valid payment method can start subscription" time="1.276"/><testcase classname="Chrome 143.0" name="Acceptance | referrals-page | view-referrals: header should have a badge that shows the remaining time in hours" time="1.412"/><testcase classname="Chrome 143.0" name="Acceptance | team-page | manage-team-test: team admin sees manage team option in account dropdown" time="1.164"/><testcase classname="Chrome 143.0" name="Acceptance | settings-page | billing-test: membership extended notice is shown when visiting with action query param" time="0.620"/><testcase classname="Chrome 143.0" name="Acceptance | pay-test: closing modal via backdrop removes plans query param" time="0.911"/><testcase classname="Chrome 143.0" name="Acceptance | settings-page | profile-test: can refresh github username" time="0.750"/><testcase classname="Chrome 143.0" name="Acceptance | team-page | manage-team-members-test: team admin can remove team members" time="1.426"/><testcase classname="Chrome 143.0" name="Acceptance | course-page | view-course-stages-test: transition from courses page has no loading page" time="5.119"/><testcase classname="Chrome 143.0" name="Acceptance | team-page | manage-team-billing-test: team with committed seats sees payment prompt" time="1.026"/><testcase classname="Chrome 143.0" name="Acceptance | settings-page | billing-test: membership extended notice can be dismissed" time="0.721"/><testcase classname="Chrome 143.0" name="Acceptance | referrals-page | view-referrals: header should have a badge that shows the remaining time in minutes" time="1.130"/><testcase classname="Chrome 143.0" name="Acceptance | pay-test: closing modal via &quot;Back to pricing page&quot; link removes plans query param" time="0.773"/><testcase classname="Chrome 143.0" name="Acceptance | team-page | manage-team-test: non-admin team member does not see manage team option in account dropdown" time="1.045"/><testcase classname="Chrome 143.0" name="Acceptance | settings-page | profile-test: users with anonymous mode toggled should not be able to refresh github username" time="0.990"/><testcase classname="Chrome 143.0" name="Acceptance | view-team-test: team member sees view team option in account dropdown" time="0.931"/><testcase classname="Chrome 143.0" name="Acceptance | settings-page | billing-test: membership extended notice is not shown on normal page visit" time="0.691"/><testcase classname="Chrome 143.0" name="Acceptance | team-payment-test: user can setup team" time="1.191"/><testcase classname="Chrome 143.0" name="Acceptance | referrals-page | view-referrals: header should have a badge that shows the remaining time in minutes when less than a minute left" time="1.052"/><testcase classname="Chrome 143.0" name="Acceptance | track-page | resume-track: it does not display the resume-track-button for anonymous user" time="1.208"/><testcase classname="Chrome 143.0" name="Acceptance | track-page | start-track: it display the start-track-button for anonymous user (Track without primer concept group)" time="1.344"/><testcase classname="Chrome 143.0" name="Acceptance | view-team-test: non-team member does not see view team option in account dropdown" time="1.113"/><testcase classname="Chrome 143.0" name="Acceptance | track-viewed-page-events-test: it tracks viewed_page event on page load" time="1.032"/><testcase classname="Chrome 143.0" name="Acceptance | team-payment-test: user can setup team (after billing method setup)" time="0.749"/><testcase classname="Chrome 143.0" name="Acceptance | course-page | view-course-stages-test: it should have a working expand/collapse sidebar button" time="2.281"/><testcase classname="Chrome 143.0" name="Acceptance | referrals-page | view-referrals: header should show vip badge if user has active free usage grant" time="0.942"/><testcase classname="Chrome 143.0" name="Acceptance | view-team-test: team member can view team members when multiple members exist" time="0.861"/><testcase classname="Chrome 143.0" name="Acceptance | track-page | resume-track: it does not display the resume-track-button for logged-in user who has not started course in the track" time="1.306"/><testcase classname="Chrome 143.0" name="Acceptance | track-viewed-page-events-test: it tracks viewed_page event when returning after more than 5 minutes" time="1.212"/><testcase classname="Chrome 143.0" name="Acceptance | referrals-page | view-referrals: header should show subscribe button when not vip and has expired free usage grants" time="1.044"/><testcase classname="Chrome 143.0" name="Acceptance | track-page | start-track: it display the start-track-button for anonymous user (Track with primer concept group)" time="1.596"/><testcase classname="Chrome 143.0" name="Acceptance | track-page | start-track: it display the start-track-button for logged-in user who has not started course in the track" time="0"><skipped/></testcase><testcase classname="Chrome 143.0" name="Acceptance | track-page | start-track: it does not display the start-track-button for logged-in user who has started course in the track" time="0"><skipped/></testcase><testcase classname="Chrome 143.0" name="Acceptance | track-page | start-track: it starts track for logged-in user who has started course in a different track" time="0"><skipped/></testcase><testcase classname="Chrome 143.0" name="Acceptance | track-page | view-track: it renders for anonymous user" time="2.861"/><testcase classname="Chrome 143.0" name="Acceptance | view-badges: it renders when all badges are unearned" time="0.622"/><testcase classname="Chrome 143.0" name="Acceptance | utm-campaign: it removes query param and persists" time="1.805"/><testcase classname="Chrome 143.0" name="Acceptance | view-team-test: team member can leave team" time="1.203"/><testcase classname="Chrome 143.0" name="Acceptance | view-code-walkthrough: it renders code walkthrough" time="0.625"/><testcase classname="Chrome 143.0" name="Acceptance | course-page | view-course-stages-test: it should have a working expand/collapse leaderboard button" time="2.081"/><testcase classname="Chrome 143.0" name="Acceptance | course-page | view-course-stages-test: it should track when the monthly challenge banner is clicked" time="0"><skipped/></testcase><testcase classname="Chrome 143.0" name="Acceptance | view-badges: it renders when some badges are earned" time="0.876"/><testcase classname="Chrome 143.0" name="Acceptance | course-page | code-examples | view: stage incomplete modal does not render if no solutions for language exist" time="6.887"/><testcase classname="Chrome 143.0" name="Acceptance | view-team-test: team member can switch between teams when multiple exist" time="0.822"/><testcase classname="Chrome 143.0" name="Acceptance | referrals-page | view-referrals: free weeks left button redirects to /pay" time="1.480"/><testcase classname="Chrome 143.0" name="Acceptance | utm-campaign: it does not remove query param unless matches pattern" time="1.204"/><testcase classname="Chrome 143.0" name="Acceptance | view-badges: renders when user is not logged in" time="0.440"/><testcase classname="Chrome 143.0" name="Acceptance | track-page | view-track: it renders in light mode" time="1.548"/><testcase classname="Chrome 143.0" name="Acceptance | view-team-test: team member can view configured slack integration" time="0.514"/><testcase classname="Chrome 143.0" name="Acceptance | track-page | resume-track: it resumes track for logged-in user who has started course in the track" time="2.517"/><testcase classname="Chrome 143.0" name="Acceptance | view-courses: it renders" time="0.671"/><testcase classname="Chrome 143.0" name="Acceptance | view-course-overview: it renders when user is not logged in" time="1.599"/><testcase classname="Chrome 143.0" name="Acceptance | view-index: it redirects to /tracks page" time="0.933"/><testcase classname="Chrome 143.0" name="Acceptance | view-discount-countdown: it redirects to /tracks page" time="0.959"/><testcase classname="Chrome 143.0" name="Acceptance | course-page | view-course-stages-test: stage should restrict admin access to user if user is course author and course is not authored by user" time="1.659"/><testcase classname="Chrome 143.0" name="Acceptance | view-product-walkthrough-suggestion: it renders suggestion if user has it" time="0.799"/><testcase classname="Chrome 143.0" name="Acceptance | track-page | view-track: it renders the correct description for a track" time="1.336"/><testcase classname="Chrome 143.0" name="Acceptance | view-join-track-page: can view join track page when not logged in" time="1.329"/><testcase classname="Chrome 143.0" name="Acceptance | view-discount-countdown: discount timer badge is visible in header when discount is active" time="0.776"/><testcase classname="Chrome 143.0" name="Acceptance | view-course-overview: it renders when user is logged in" time="1.284"/><testcase classname="Chrome 143.0" name="Acceptance | view-tracks: it renders" time="0.931"/><testcase classname="Chrome 143.0" name="Acceptance | view-product-walkthrough-suggestion: it renders for anonymous users" time="0.759"/><testcase classname="Chrome 143.0" name="Acceptance | view-courses: it renders with dark mode" time="2.039"/><testcase classname="Chrome 143.0" name="Acceptance | track-page | view-track: it renders for logged-in user" time="1.240"/><testcase classname="Chrome 143.0" name="Acceptance | view-course-overview: it renders when user accesses URL directly" time="1.025"/><testcase classname="Chrome 143.0" name="Acceptance | view-join-track-page: can view affiliate link when logged in" time="1.379"/><testcase classname="Chrome 143.0" name="Acceptance | course-page | view-course-stages-test: stage should not restrict admin access to user if user is course author and course is authored by user" time="2.029"/><testcase classname="Chrome 143.0" name="Acceptance | view-product-walkthrough-suggestion: it can be dismissed" time="1.306"/><testcase classname="Chrome 143.0" name="Acceptance | view-discount-countdown: discount timer badge shows correct tooltip" time="1.461"/><testcase classname="Chrome 143.0" name="Acceptance | view-courses: it renders alpha courses if user is staff" time="0.841"/><testcase classname="Chrome 143.0" name="Acceptance | view-join-track-page: redirects to not found if track slug is invalid" time="0.644"/><testcase classname="Chrome 143.0" name="Acceptance | view-course-overview: it renders when anonymous user views alpha course" time="0.753"/><testcase classname="Chrome 143.0" name="Acceptance | view-tracks: it renders with progress if user has started a course" time="2.117"/><testcase classname="Chrome 143.0" name="Acceptance | view-user-profile: it renders courses with proper ordering" time="0.791"/><testcase classname="Chrome 143.0" name="Acceptance | view-join-track-page: redirects to not found if affiliate link is invalid" time="0.655"/><testcase classname="Chrome 143.0" name="Integration | Component | code-mirror: it renders" time="0.058"/><testcase classname="Chrome 143.0" name="Integration | Component | code-mirror: it renders (block form)" time="0.066"/><testcase classname="Chrome 143.0" name="Acceptance | view-discount-countdown: discount timer badge redirects to payment page when clicked" time="1.272"/><testcase classname="Chrome 143.0" name="Acceptance | view-user-profile: it should show the GitHub name if it is set" time="0.545"/><testcase classname="Chrome 143.0" name="Integration | Component | code-mirror: it renders passed document" time="0.338"/><testcase classname="Chrome 143.0" name="Integration | Component | code-mirror: it renders passed document (block form)" time="0.135"/><testcase classname="Chrome 143.0" name="Acceptance | course-page | view-course-stages-test: header should have a badge that shows the remaining time in days" time="1.950"/><testcase classname="Chrome 143.0" name="Integration | Component | code-mirror &gt; Updating passed document: it updates rendered document when @document changes" time="0.079"/><testcase classname="Chrome 143.0" name="Integration | Component | code-mirror &gt; Updating passed document: it resets edit history when @presereveHistory is false" time="0"><skipped/></testcase><testcase classname="Chrome 143.0" name="Integration | Component | code-mirror &gt; Updating passed document: it preserves edit history when @presereveHistory is true" time="0"><skipped/></testcase><testcase classname="Chrome 143.0" name="Acceptance | view-course-overview: it renders for course with extensions" time="1.384"/><testcase classname="Chrome 143.0" name="Integration | Component | code-mirror &gt; Updating edited document: it calls @onDocumentUpdate when document is edited inside the editor" time="0.087"/><testcase classname="Chrome 143.0" name="Integration | Component | code-mirror &gt; Options &gt; allowInlineDiffs: it doesn't break the editor when passed" time="0.062"/><testcase classname="Chrome 143.0" name="Integration | Component | code-mirror &gt; Options &gt; allowInlineDiffs: it does something useful with the editor" time="0"><skipped/></testcase><testcase classname="Chrome 143.0" name="Acceptance | view-user-profile: it should not show the GitHub name when anonymous mode is enabled" time="0.622"/><testcase classname="Chrome 143.0" name="Integration | Component | code-mirror &gt; Options &gt; allowMultipleSelections: it doesn't break the editor when passed" time="0.058"/><testcase classname="Chrome 143.0" name="Integration | Component | code-mirror &gt; Options &gt; allowMultipleSelections: it does something useful with the editor" time="0"><skipped/></testcase><testcase classname="Chrome 143.0" name="Integration | Component | code-mirror &gt; Options &gt; autocompletion: it doesn't break the editor when passed" time="0.044"/><testcase classname="Chrome 143.0" name="Integration | Component | code-mirror &gt; Options &gt; autocompletion: it does something useful with the editor" time="0"><skipped/></testcase><testcase classname="Chrome 143.0" name="Acceptance | view-courses: it renders with progress if user has started a course" time="1.975"/><testcase classname="Chrome 143.0" name="Integration | Component | code-mirror &gt; Options &gt; bracketMatching: it doesn't break the editor when passed" time="0.053"/><testcase classname="Chrome 143.0" name="Integration | Component | code-mirror &gt; Options &gt; bracketMatching: it does something useful with the editor" time="0"><skipped/></testcase><testcase classname="Chrome 143.0" name="Acceptance | track-page | view-track: it renders for logged-in user who has started course" time="2.644"/><testcase classname="Chrome 143.0" name="Integration | Component | code-mirror &gt; Options &gt; closeBrackets: it doesn't break the editor when passed" time="0.045"/><testcase classname="Chrome 143.0" name="Integration | Component | code-mirror &gt; Options &gt; closeBrackets: it does something useful with the editor" time="0"><skipped/></testcase><testcase classname="Chrome 143.0" name="Integration | Component | code-mirror &gt; Options &gt; crosshairCursor: it doesn't break the editor when passed" time="0.041"/><testcase classname="Chrome 143.0" name="Integration | Component | code-mirror &gt; Options &gt; crosshairCursor: it does something useful with the editor" time="0"><skipped/></testcase><testcase classname="Chrome 143.0" name="Acceptance | course-page | code-examples | view: stage incomplete modal does not show up again if show code button is clicked when user switches to a different language" time="5.722"/><testcase classname="Chrome 143.0" name="Integration | Component | code-mirror &gt; Options &gt; drawSelection: it doesn't break the editor when passed" time="0.060"/><testcase classname="Chrome 143.0" name="Integration | Component | code-mirror &gt; Options &gt; drawSelection: it does something useful with the editor" time="0"><skipped/></testcase><testcase classname="Chrome 143.0" name="Integration | Component | code-mirror &gt; Options &gt; dropCursor: it doesn't break the editor when passed" time="0.061"/><testcase classname="Chrome 143.0" name="Integration | Component | code-mirror &gt; Options &gt; dropCursor: it does something useful with the editor" time="0"><skipped/></testcase><testcase classname="Chrome 143.0" name="Integration | Component | code-mirror &gt; Options &gt; editable: it doesn't break the editor when passed" time="0.042"/><testcase classname="Chrome 143.0" name="Integration | Component | code-mirror &gt; Options &gt; editable: it does something useful with the editor" time="0"><skipped/></testcase><testcase classname="Chrome 143.0" name="Integration | Component | code-mirror &gt; Options &gt; foldGutter: it doesn't break the editor when passed" time="0.045"/><testcase classname="Chrome 143.0" name="Integration | Component | code-mirror &gt; Options &gt; foldGutter: it does something useful with the editor" time="0"><skipped/></testcase><testcase classname="Chrome 143.0" name="Acceptance | view-user-profile: it does not have a label if user is not staff or challenge author" time="0.476"/><testcase classname="Chrome 143.0" name="Integration | Component | code-mirror &gt; Options &gt; highlightActiveLine: it doesn't break the editor when passed" time="0.044"/><testcase classname="Chrome 143.0" name="Integration | Component | code-mirror &gt; Options &gt; highlightActiveLine: it does something useful with the editor" time="0"><skipped/></testcase><testcase classname="Chrome 143.0" name="Integration | Component | code-mirror &gt; Options &gt; highlightChanges: it doesn't break the editor when passed" time="0.054"/><testcase classname="Chrome 143.0" name="Integration | Component | code-mirror &gt; Options &gt; highlightChanges: it does something useful with the editor" time="0"><skipped/></testcase><testcase classname="Chrome 143.0" name="Integration | Component | code-mirror &gt; Options &gt; highlightedRanges: it doesn't break the editor when passed" time="0.056"/><testcase classname="Chrome 143.0" name="Integration | Component | code-mirror &gt; Options &gt; highlightedRanges: it does something useful with the editor" time="0"><skipped/></testcase><testcase classname="Chrome 143.0" name="Acceptance | view-course-overview: it renders for course without extensions" time="0.822"/><testcase classname="Chrome 143.0" name="Integration | Component | code-mirror &gt; Options &gt; collapsedRanges: it doesn't break the editor when passed" time="0.135"/><testcase classname="Chrome 143.0" name="Integration | Component | code-mirror &gt; Options &gt; collapsedRanges: it does something useful with the editor" time="0"><skipped/></testcase><testcase classname="Chrome 143.0" name="Acceptance | view-user-profile: it has the staff label if user is staff" time="0.496"/><testcase classname="Chrome 143.0" name="Integration | Component | code-mirror &gt; Options &gt; highlightNewlines: it doesn't break the editor when passed" time="0.191"/><testcase classname="Chrome 143.0" name="Integration | Component | code-mirror &gt; Options &gt; highlightNewlines: it does something useful with the editor" time="0"><skipped/></testcase><testcase classname="Chrome 143.0" name="Integration | Component | code-mirror &gt; Options &gt; highlightSelectionMatches: it doesn't break the editor when passed" time="0.102"/><testcase classname="Chrome 143.0" name="Integration | Component | code-mirror &gt; Options &gt; highlightSelectionMatches: it does something useful with the editor" time="0"><skipped/></testcase><testcase classname="Chrome 143.0" name="Integration | Component | code-mirror &gt; Options &gt; highlightSpecialChars: it doesn't break the editor when passed" time="0.051"/><testcase classname="Chrome 143.0" name="Integration | Component | code-mirror &gt; Options &gt; highlightSpecialChars: it does something useful with the editor" time="0"><skipped/></testcase><testcase classname="Chrome 143.0" name="Integration | Component | code-mirror &gt; Options &gt; highlightTrailingWhitespace: it doesn't break the editor when passed" time="0.046"/><testcase classname="Chrome 143.0" name="Integration | Component | code-mirror &gt; Options &gt; highlightTrailingWhitespace: it does something useful with the editor" time="0"><skipped/></testcase><testcase classname="Chrome 143.0" name="Integration | Component | code-mirror &gt; Options &gt; highlightWhitespace: it doesn't break the editor when passed" time="0.079"/><testcase classname="Chrome 143.0" name="Integration | Component | code-mirror &gt; Options &gt; highlightWhitespace: it does something useful with the editor" time="0"><skipped/></testcase><testcase classname="Chrome 143.0" name="Integration | Component | code-mirror &gt; Options &gt; history: it doesn't break the editor when passed" time="0.099"/><testcase classname="Chrome 143.0" name="Integration | Component | code-mirror &gt; Options &gt; history: it does something useful with the editor" time="0"><skipped/></testcase><testcase classname="Chrome 143.0" name="Acceptance | view-discount-countdown: discount timer badge appears in both catalog and course pages" time="2.210"/><testcase classname="Chrome 143.0" name="Acceptance | view-user-profile: it has the staff label if user is staff and course author" time="0.595"/><testcase classname="Chrome 143.0" name="Integration | Component | code-mirror &gt; Options &gt; indentOnInput: it doesn't break the editor when passed" time="0.172"/><testcase classname="Chrome 143.0" name="Integration | Component | code-mirror &gt; Options &gt; indentOnInput: it does something useful with the editor" time="0"><skipped/></testcase><testcase classname="Chrome 143.0" name="Integration | Component | code-mirror &gt; Options &gt; indentUnit: it doesn't break the editor when passed" time="0.071"/><testcase classname="Chrome 143.0" name="Integration | Component | code-mirror &gt; Options &gt; indentUnit: it does something useful with the editor" time="0"><skipped/></testcase><testcase classname="Chrome 143.0" name="Integration | Component | code-mirror &gt; Options &gt; indentWithTab: it doesn't break the editor when passed" time="0.040"/><testcase classname="Chrome 143.0" name="Integration | Component | code-mirror &gt; Options &gt; indentWithTab: it does something useful with the editor" time="0"><skipped/></testcase><testcase classname="Chrome 143.0" name="Integration | Component | code-mirror &gt; Options &gt; filename: it doesn't break the editor when passed" time="0"><skipped/></testcase><testcase classname="Chrome 143.0" name="Integration | Component | code-mirror &gt; Options &gt; filename: it does something useful with the editor" time="0"><skipped/></testcase><testcase classname="Chrome 143.0" name="Integration | Component | code-mirror &gt; Options &gt; language: it doesn't break the editor when passed" time="0.059"/><testcase classname="Chrome 143.0" name="Integration | Component | code-mirror &gt; Options &gt; language: it does something useful with the editor" time="0"><skipped/></testcase><testcase classname="Chrome 143.0" name="Integration | Component | code-mirror &gt; Options &gt; lineNumbers: it doesn't break the editor when passed" time="0.053"/><testcase classname="Chrome 143.0" name="Integration | Component | code-mirror &gt; Options &gt; lineNumbers: it does something useful with the editor" time="0"><skipped/></testcase><testcase classname="Chrome 143.0" name="Integration | Component | code-mirror &gt; Options &gt; lineSeparator: it doesn't break the editor when passed" time="0.044"/><testcase classname="Chrome 143.0" name="Integration | Component | code-mirror &gt; Options &gt; lineSeparator: it does something useful with the editor" time="0"><skipped/></testcase><testcase classname="Chrome 143.0" name="Acceptance | view-courses: it renders with progress if user has created a repository" time="1.734"/><testcase classname="Chrome 143.0" name="Integration | Component | code-mirror &gt; Options &gt; lineWrapping: it doesn't break the editor when passed" time="0.052"/><testcase classname="Chrome 143.0" name="Integration | Component | code-mirror &gt; Options &gt; lineWrapping: it does something useful with the editor" time="0"><skipped/></testcase><testcase classname="Chrome 143.0" name="Integration | Component | code-mirror &gt; Options &gt; mergeControls: it doesn't break the editor when passed" time="0.040"/><testcase classname="Chrome 143.0" name="Integration | Component | code-mirror &gt; Options &gt; mergeControls: it does something useful with the editor" time="0"><skipped/></testcase><testcase classname="Chrome 143.0" name="Acceptance | course-page | view-course-stages-test: header should have a badge that shows the remaining time in days when expiry is a couple months away" time="2.163"/><testcase classname="Chrome 143.0" name="Integration | Component | code-mirror &gt; Options &gt; collapseUnchanged: it doesn't break the editor when passed" time="0.051"/><testcase classname="Chrome 143.0" name="Integration | Component | code-mirror &gt; Options &gt; collapseUnchanged: it does something useful with the editor" time="0"><skipped/></testcase><testcase classname="Chrome 143.0" name="Integration | Component | code-mirror &gt; Options &gt; originalDocument: it doesn't break the editor when passed" time="0.040"/><testcase classname="Chrome 143.0" name="Integration | Component | code-mirror &gt; Options &gt; originalDocument: it does something useful with the editor" time="0"><skipped/></testcase><testcase classname="Chrome 143.0" name="Integration | Component | code-mirror &gt; Options &gt; placeholder: it doesn't break the editor when passed" time="0.046"/><testcase classname="Chrome 143.0" name="Integration | Component | code-mirror &gt; Options &gt; placeholder: it does something useful with the editor" time="0"><skipped/></testcase><testcase classname="Chrome 143.0" name="Acceptance | view-user-profile: it has the challenge author label if user is course author" time="0.550"/><testcase classname="Chrome 143.0" name="Acceptance | track-page | view-track: it renders for logged-in user who has finished one course" time="1.968"/><testcase classname="Chrome 143.0" name="Integration | Component | code-mirror &gt; Options &gt; readOnly: it doesn't break the editor when passed" time="0.054"/><testcase classname="Chrome 143.0" name="Integration | Component | code-mirror &gt; Options &gt; readOnly: it does something useful with the editor" time="0"><skipped/></testcase><testcase classname="Chrome 143.0" name="Integration | Component | code-mirror &gt; Options &gt; rectangularSelection: it doesn't break the editor when passed" time="0.049"/><testcase classname="Chrome 143.0" name="Integration | Component | code-mirror &gt; Options &gt; rectangularSelection: it does something useful with the editor" time="0"><skipped/></testcase><testcase classname="Chrome 143.0" name="Integration | Component | code-mirror &gt; Options &gt; scrollPastEnd: it doesn't break the editor when passed" time="0.047"/><testcase classname="Chrome 143.0" name="Integration | Component | code-mirror &gt; Options &gt; scrollPastEnd: it does something useful with the editor" time="0"><skipped/></testcase><testcase classname="Chrome 143.0" name="Integration | Component | code-mirror &gt; Options &gt; syntaxHighlighting: it doesn't break the editor when passed" time="0.039"/><testcase classname="Chrome 143.0" name="Integration | Component | code-mirror &gt; Options &gt; syntaxHighlighting: it does something useful with the editor" time="0"><skipped/></testcase><testcase classname="Chrome 143.0" name="Acceptance | view-discount-countdown: discount timer badge is not visible when no active discount" time="0.798"/><testcase classname="Chrome 143.0" name="Acceptance | view-course-overview: it has the notice for when a course is in beta status" time="1.626"/><testcase classname="Chrome 143.0" name="Integration | Component | rive-animation: it renders and initializes correctly" time="0"><skipped/></testcase><testcase classname="Chrome 143.0" name="Integration | Component | rive-animation: it works with different animation files" time="0"><skipped/></testcase><testcase classname="Chrome 143.0" name="Integration | Helper | date-format: it renders an empty string if passed an undefined date" time="0.036"/><testcase classname="Chrome 143.0" name="Integration | Component | code-mirror &gt; Options &gt; syntaxHighlightDeletions: it doesn't break the editor when passed" time="0.106"/><testcase classname="Chrome 143.0" name="Integration | Component | code-mirror &gt; Options &gt; syntaxHighlightDeletions: it does something useful with the editor" time="0"><skipped/></testcase><testcase classname="Chrome 143.0" name="Integration | Helper | date-format: it renders an empty string if passed a null date" time="0.063"/><testcase classname="Chrome 143.0" name="Integration | Helper | date-format: it renders a passed date with format &quot;P&quot; by default" time="0.037"/><testcase classname="Chrome 143.0" name="Integration | Helper | date-format: it renders a passed date with custom format &quot;P&quot;" time="0.036"/><testcase classname="Chrome 143.0" name="Acceptance | view-tracks: it sorts course cards based on last push" time="3.733"/><testcase classname="Chrome 143.0" name="Integration | Helper | date-format: it renders a passed date with custom format &quot;PPP&quot;" time="0.037"/><testcase classname="Chrome 143.0" name="Integration | Component | code-mirror &gt; Options &gt; tabSize: it doesn't break the editor when passed" time="0.139"/><testcase classname="Chrome 143.0" name="Integration | Component | code-mirror &gt; Options &gt; tabSize: it does something useful with the editor" time="0"><skipped/></testcase><testcase classname="Chrome 143.0" name="Integration | Component | code-mirror &gt; Options &gt; theme: it doesn't break the editor when passed" time="0.050"/><testcase classname="Chrome 143.0" name="Integration | Component | code-mirror &gt; Options &gt; theme: it does something useful with the editor" time="0"><skipped/></testcase><testcase classname="Chrome 143.0" name="Integration | Helper | date-format: it renders a passed date with custom format &quot;PPPp&quot;" time="0.049"/><testcase classname="Chrome 143.0" name="Integration | Helper | date-from-now: it renders an empty string if passed an undefined date" time="0.023"/><testcase classname="Chrome 143.0" name="Integration | Component | code-mirror &gt; Options &gt; unchangedMargin: it doesn't break the editor when passed" time="0.041"/><testcase classname="Chrome 143.0" name="Integration | Component | code-mirror &gt; Options &gt; unchangedMargin: it does something useful with the editor" time="0"><skipped/></testcase><testcase classname="Chrome 143.0" name="Acceptance | view-user-profile: it has the admin profile button if user is admin" time="0.545"/><testcase classname="Chrome 143.0" name="Integration | Helper | date-from-now: it renders an empty string if passed a null date" time="0.041"/><testcase classname="Chrome 143.0" name="Integration | Component | code-mirror &gt; Options &gt; unchangedMinSize: it doesn't break the editor when passed" time="0.047"/><testcase classname="Chrome 143.0" name="Integration | Component | code-mirror &gt; Options &gt; unchangedMinSize: it does something useful with the editor" time="0"><skipped/></testcase><testcase classname="Chrome 143.0" name="Integration | Helper | date-from-now: it renders &quot;0 seconds ago&quot; if passed date equals now" time="0.052"/><testcase classname="Chrome 143.0" name="Integration | Helper | diff-to-document: it converts a diff to a document object" time="0.035"/><testcase classname="Chrome 143.0" name="Integration | Helper | diff-to-document: it does not break if passed an undefined diff" time="0.040"/><testcase classname="Chrome 143.0" name="Integration | Helper | date-from-now: it renders a human-readable difference between now and &quot;10 minutes ago&quot;" time="0.057"/><testcase classname="Chrome 143.0" name="Integration | Helper | html-safe: it renders html code passed as a string" time="0.024"/><testcase classname="Chrome 143.0" name="Integration | Helper | date-from-now: it renders a human-readable difference between now and &quot;30 minutes ago&quot;" time="0.044"/><testcase classname="Chrome 143.0" name="Unit | Model | concept: changedAttributes works" time="0.096"/><testcase classname="Chrome 143.0" name="Unit | Serializer | application: it exists" time="0.008"/><testcase classname="Chrome 143.0" name="Integration | Helper | date-from-now: it renders a human-readable difference between now and &quot;1 hour ago&quot;" time="0.102"/><testcase classname="Chrome 143.0" name="Unit | Serializer | application: it serializes records" time="0.044"/><testcase classname="Chrome 143.0" name="Unit | Serializer | application: it replaces array with a single primary record in normalizeQueryRecordResponse" time="0.051"/><testcase classname="Chrome 143.0" name="Unit | Serializer | application: it replaces array with null in normalizeQueryRecordResponse if data is empty" time="0.026"/><testcase classname="Chrome 143.0" name="Acceptance | view-course-overview: it has the notice for when a course is deprecated" time="0.766"/><testcase classname="Chrome 143.0" name="Unit | Serializer | repository: it exists" time="0.011"/><testcase classname="Chrome 143.0" name="Unit | Serializer | repository: it serializes records" time="0.022"/><testcase classname="Chrome 143.0" name="Unit | Service | local-storage: getItem / setItem / removeItem use prefixed keys" time="0.028"/><testcase classname="Chrome 143.0" name="Unit | Service | local-storage: length and key return prefixed keys only" time="0.026"/><testcase classname="Chrome 143.0" name="Acceptance | view-user-profile: it does not have the admin profile button if user is not admin" time="0.490"/><testcase classname="Chrome 143.0" name="Unit | Service | local-storage: clear removes only prefixed keys and leaves others intact" time="0.026"/><testcase classname="Chrome 143.0" name="Unit | Utility | blend-colors: it blends a foreground color over background with given opacity" time="0.002"/><testcase classname="Chrome 143.0" name="Integration | Helper | date-from-now: it renders a human-readable difference between now and &quot;1 day ago&quot;" time="0.212"/><testcase classname="Chrome 143.0" name="Unit | Utility | compute-leaderboard-cta: returns null when rank is 1" time="0.004"/><testcase classname="Chrome 143.0" name="Unit | Utility | compute-leaderboard-cta: returns null when no next stages and no achievable ranks" time="0.001"/><testcase classname="Chrome 143.0" name="Unit | Utility | compute-leaderboard-cta: returns CTA for completing this stage when current stage is incomplete" time="0.002"/><testcase classname="Chrome 143.0" name="Unit | Utility | compute-leaderboard-cta: returns CTA for completing next stage when current stage is complete" time="0.001"/><testcase classname="Chrome 143.0" name="Unit | Utility | compute-leaderboard-cta: returns CTA for completing multiple stages when more than one stage needed" time="0.001"/><testcase classname="Chrome 143.0" name="Unit | Utility | compute-leaderboard-cta: limits context stages to 5" time="0.004"/><testcase classname="Chrome 143.0" name="Unit | Utility | compute-leaderboard-cta: falls back to easy stages when context stages are not enough" time="0.001"/><testcase classname="Chrome 143.0" name="Unit | Utility | compute-leaderboard-cta: falls back to medium stages when easy stages are not enough" time="0.002"/><testcase classname="Chrome 143.0" name="Unit | Utility | compute-leaderboard-cta: falls back to hard stages when medium stages are not enough" time="0.001"/><testcase classname="Chrome 143.0" name="Unit | Utility | compute-leaderboard-cta: uses hard stages when only they can achieve the rank" time="0.001"/><testcase classname="Chrome 143.0" name="Unit | Utility | compute-leaderboard-cta: skips ranks that are already below current score" time="0.001"/><testcase classname="Chrome 143.0" name="Unit | Utility | compute-leaderboard-cta: shows highest achievable rank when one stage (in context) jumps multiple ranks" time="0.001"/><testcase classname="Chrome 143.0" name="Unit | Utility | compute-leaderboard-cta: shows highest achievable rank when one stage (out of context) jumps multiple ranks" time="0.001"/><testcase classname="Chrome 143.0" name="Unit | Utility | compute-leaderboard-cta: ignores ranks below current user rank in nextRanksWithScores" time="0.004"/><testcase classname="Chrome 143.0" name="Unit | Utility | compute-leaderboard-cta: ignores ranks equal to current user rank in nextRanksWithScores" time="0.003"/><testcase classname="Chrome 143.0" name="Unit | Utility | compute-leaderboard-cta: returns null when all ranks in nextRanksWithScores are invalid" time="0.001"/><testcase classname="Chrome 143.0" name="Unit | Utility | compute-leaderboard-cta: skips completed stages when computing next stages in context" time="0.001"/><testcase classname="Chrome 143.0" name="Unit | Utility | compute-leaderboard-cta: returns fallback CTA when context is undefined" time="0.003"/><testcase classname="Chrome 143.0" name="Unit | Utility | compute-leaderboard-cta: returns fallback CTA when only currentCourseStage is provided" time="0.001"/><testcase classname="Chrome 143.0" name="Unit | Utility | compute-leaderboard-cta: returns fallback CTA when only repository is provided" time="0.005"/><testcase classname="Chrome 143.0" name="Integration | Helper | date-from-now: it renders a human-readable difference between now and &quot;2 days ago&quot;" time="0.104"/><testcase classname="Chrome 143.0" name="Unit | Utility | field-comparator: sorts an array of objects by one or more of their fields" time="0.002"/><testcase classname="Chrome 143.0" name="Integration | Helper | date-from-now: it renders a human-readable difference between now and &quot;3 years ago&quot;" time="0.042"/><testcase classname="Chrome 143.0" name="Unit | Utility | group-by-field-reducer: it groups an array of objects by values of their field" time="0.010"/><testcase classname="Chrome 143.0" name="Unit | Utility | parse-diff-as-document: it converts a diff to a document object" time="0.002"/><testcase classname="Chrome 143.0" name="Unit | Utility | parse-diff-as-document: it does not break if passed an undefined diff" time="0.001"/><testcase classname="Chrome 143.0" name="Unit | Utility | parse-diff-as-document: it strips &quot;\ No newline at end of file&quot; messages from the diff" time="0.005"/><testcase classname="Chrome 143.0" name="Integration | Helper | date-from-now: it renders a human-readable difference between now and &quot;in 10 minutes&quot;" time="0.041"/><testcase classname="Chrome 143.0" name="Unit | Utility | route-info-metadata: it can be instantiated" time="0.001"/><testcase classname="Chrome 143.0" name="Unit | Utility | route-info-metadata: it defines a property `colorScheme`, by default set to `RouteColorScheme.Both`" time="0.001"/><testcase classname="Chrome 143.0" name="Unit | Utility | scroll-to-top: it exists" time="0.003"/><testcase classname="Chrome 143.0" name="Integration | Helper | date-from-now: it renders a human-readable difference between now and &quot;in 6 hours&quot;" time="0.038"/><testcase classname="Chrome 143.0" name="Integration | Helper | date-from-now: it renders a human-readable difference between now and &quot;in 19 years&quot;" time="0.040"/><testcase classname="Chrome 143.0" name="Integration | Helper | date-from-now: it renders dates in real time" time="0.044"/><testcase classname="Chrome 143.0" name="Unit | Utility | time-formatting: it formats time remaining correctly" time="0.001"/><testcase classname="Chrome 143.0" name="Unit | Utility | uniq-field-reducer: it filters an array of objects by unique properties" time="0.001"/><testcase classname="Chrome 143.0" name="Unit | Utility | uniq-reducer: it filters an array of objects and returns only unique objects" time="0.002"/><testcase classname="Chrome 143.0" name="Acceptance | track-page | view-track: it excludes alpha courses" time="1.442"/><testcase classname="Chrome 143.0" name="Acceptance | view-user-profile: it should redirect to not-found if the user does not exist" time="0.500"/><testcase classname="Chrome 143.0" name="Acceptance | view-tracks: it renders completed track cards" time="1.163"/><testcase classname="Chrome 143.0" name="Unit | Utility | sync-repository-stage-list: it exists" time="0.325"/><testcase classname="Chrome 143.0" name="Acceptance | view-course-overview: it has a longer notice for paid users when a course is deprecated" time="0.960"/><testcase classname="Chrome 143.0" name="Acceptance | course-page | view-course-stages-test: header should have a badge that shows the remaining time in hours" time="2.015"/><testcase classname="Chrome 143.0" name="Acceptance | view-courses: it sorts course cards based on last push" time="2.373"/><testcase classname="Chrome 143.0" name="Acceptance | view-courses: it renders completed course cards" time="0.696"/><testcase classname="Chrome 143.0" name="Acceptance | view-user-profile: renders for current user" time="0.549"/><testcase classname="Chrome 143.0" name="Acceptance | view-user-profile: it does not show a challenge if it is deprecated" time="0.470"/><testcase classname="Chrome 143.0" name="Acceptance | view-tracks: it renders if user is not signed in" time="0.700"/><testcase classname="Chrome 143.0" name="Acceptance | track-page | view-track: it does not show a challenge if it is deprecated" time="1.479"/><testcase classname="Chrome 143.0" name="Acceptance | course-page | view-course-stages-test: header should have a badge that shows the remaining time in minutes" time="1.773"/><testcase classname="Chrome 143.0" name="Acceptance | view-course-overview: it has the notice for when a course is free this month" time="1.427"/><testcase classname="Chrome 143.0" name="Acceptance | view-tracks: first time visit has loading page" time="1.276"/><testcase classname="Chrome 143.0" name="Acceptance | view-user-profile: it does not show private courses in user profile" time="0.737"/><testcase classname="Chrome 143.0" name="Acceptance | view-courses: it renders if user is not signed in" time="0.712"/><testcase classname="Chrome 143.0" name="Acceptance | course-page | code-examples | view: stage incomplete modal shows up on a later stage even after being dismissed in a previous stage" time="6.556"/><testcase classname="Chrome 143.0" name="Acceptance | view-course-overview: it has the notice for when a course is free until a specific date" time="1.187"/><testcase classname="Chrome 143.0" name="Acceptance | view-courses: course card does not render free label if user has access to membership benefits" time="0.881"/><testcase classname="Chrome 143.0" name="Acceptance | view-courses: first time visit has loading page" time="0.685"/><testcase classname="Chrome 143.0" name="Acceptance | track-page | view-track: it does not show a challenge if it is private" time="1.390"/><testcase classname="Chrome 143.0" name="Acceptance | view-course-overview: it has a notice for free users when a course is paid" time="0.704"/><testcase classname="Chrome 143.0" name="Acceptance | track-page | view-track: it does not show a challenge if it is private and user has repository" time="1.205"/><testcase classname="Chrome 143.0" name="Acceptance | course-page | view-course-stages-test: header should have a badge that shows the remaining time in minutes when less than a minute left" time="1.994"/><testcase classname="Chrome 143.0" name="Acceptance | view-course-overview: it has a notice for free users when a course is paid and other free courses exist" time="0.632"/><testcase classname="Chrome 143.0" name="Acceptance | track-page | view-track: visiting from catalog page has no loading page" time="0.782"/><testcase classname="Chrome 143.0" name="Acceptance | view-course-overview: stages for extensions are ordered properly" time="0.586"/><testcase classname="Chrome 143.0" name="Acceptance | course-page | view-course-stages-test: header should show vip badge if user has active free usage grant" time="1.071"/><testcase classname="Chrome 143.0" name="Acceptance | view-tracks: second time visit with local repository data has no loading page" time="3.235"/><testcase classname="Chrome 143.0" name="Acceptance | view-course-overview: redirects to not found if course slug is invalid" time="0.489"/><testcase classname="Chrome 143.0" name="Acceptance | course-page | view-course-stages-test: header should show subscribe button when not vip and has expired free usage grants" time="1.119"/><testcase classname="Chrome 143.0" name="Acceptance | view-courses: second time visit with local repository data has no loading page" time="2.635"/><testcase classname="Chrome 143.0" name="Acceptance | view-tracks: second time visit without local repository data has no loading page " time="1.173"/><testcase classname="Chrome 143.0" name="Acceptance | track-page | view-track: it sorts completed courses by most recent submission first" time="1.769"/><testcase classname="Chrome 143.0" name="Acceptance | view-tracks: deprecated challenges do not count towards the number of stages on a language card" time="0.403"/><testcase classname="Chrome 143.0" name="Acceptance | course-page | view-course-stages-test: free weeks left button redirects to /pay" time="1.283"/><testcase classname="Chrome 143.0" name="Acceptance | view-courses: second time visit without local repository data has no loading page " time="0.980"/><testcase classname="Chrome 143.0" name="Acceptance | view-courses: it should show deprecated courses if user already has progress" time="0.573"/><testcase classname="Chrome 143.0" name="Acceptance | track-page | view-track: it sorts in-progress courses by most recent submission first" time="1.307"/><testcase classname="Chrome 143.0" name="Acceptance | course-page | code-examples | view: stage incomplete modal should not show up again after being dismissed when a course stage is updated" time="4.732"/><testcase classname="Chrome 143.0" name="Acceptance | view-courses: it should not show deprecated courses if user has no progress" time="0.449"/><testcase classname="Chrome 143.0" name="Acceptance | course-page | view-course-stages-test: header should show member badge if user has an active subscription" time="0.965"/><testcase classname="Chrome 143.0" name="Acceptance | view-courses: it should not show private courses in catalog" time="0.366"/><testcase classname="Chrome 143.0" name="Acceptance | track-page | view-track: it sorts course priority groups correctly" time="1.015"/><testcase classname="Chrome 143.0" name="Acceptance | course-page | code-examples | view: upgrade prompt is present when viewing code examples for higher stages" time="1.230"/><testcase classname="Chrome 143.0" name="Acceptance | course-page | view-course-stages-test: member badge redirects to /settings/billing" time="0.805"/><testcase classname="Chrome 143.0" name="Acceptance | view-courses: it should show private courses in catalog if user has repository" time="0.613"/></testsuite>
